Archive member included to satisfy reference by file (symbol)

c:/st/stm32cubeide_1.4.0/stm32cubeide/plugins/com.st.stm32cube.ide.mcu.externaltools.gnu-tools-for-stm32.7-2018-q2-update.win32_1.4.0.202007081208/tools/bin/../lib/gcc/arm-none-eabi/7.3.1/../../../../arm-none-eabi/lib/thumb/v7e-m/fpv4-sp/hard\libc_nano.a(lib_a-errno.o)
                              Core/Src/syscalls.o (__errno)
c:/st/stm32cubeide_1.4.0/stm32cubeide/plugins/com.st.stm32cube.ide.mcu.externaltools.gnu-tools-for-stm32.7-2018-q2-update.win32_1.4.0.202007081208/tools/bin/../lib/gcc/arm-none-eabi/7.3.1/../../../../arm-none-eabi/lib/thumb/v7e-m/fpv4-sp/hard\libc_nano.a(lib_a-exit.o)
                              c:/st/stm32cubeide_1.4.0/stm32cubeide/plugins/com.st.stm32cube.ide.mcu.externaltools.gnu-tools-for-stm32.7-2018-q2-update.win32_1.4.0.202007081208/tools/bin/../lib/gcc/arm-none-eabi/7.3.1/../../../../arm-none-eabi/lib/thumb/v7e-m/fpv4-sp/hard/crt0.o (exit)
c:/st/stm32cubeide_1.4.0/stm32cubeide/plugins/com.st.stm32cube.ide.mcu.externaltools.gnu-tools-for-stm32.7-2018-q2-update.win32_1.4.0.202007081208/tools/bin/../lib/gcc/arm-none-eabi/7.3.1/../../../../arm-none-eabi/lib/thumb/v7e-m/fpv4-sp/hard\libc_nano.a(lib_a-impure.o)
                              c:/st/stm32cubeide_1.4.0/stm32cubeide/plugins/com.st.stm32cube.ide.mcu.externaltools.gnu-tools-for-stm32.7-2018-q2-update.win32_1.4.0.202007081208/tools/bin/../lib/gcc/arm-none-eabi/7.3.1/../../../../arm-none-eabi/lib/thumb/v7e-m/fpv4-sp/hard\libc_nano.a(lib_a-exit.o) (_global_impure_ptr)
c:/st/stm32cubeide_1.4.0/stm32cubeide/plugins/com.st.stm32cube.ide.mcu.externaltools.gnu-tools-for-stm32.7-2018-q2-update.win32_1.4.0.202007081208/tools/bin/../lib/gcc/arm-none-eabi/7.3.1/../../../../arm-none-eabi/lib/thumb/v7e-m/fpv4-sp/hard\libc_nano.a(lib_a-init.o)
                              c:/st/stm32cubeide_1.4.0/stm32cubeide/plugins/com.st.stm32cube.ide.mcu.externaltools.gnu-tools-for-stm32.7-2018-q2-update.win32_1.4.0.202007081208/tools/bin/../lib/gcc/arm-none-eabi/7.3.1/../../../../arm-none-eabi/lib/thumb/v7e-m/fpv4-sp/hard/crt0.o (__libc_init_array)
c:/st/stm32cubeide_1.4.0/stm32cubeide/plugins/com.st.stm32cube.ide.mcu.externaltools.gnu-tools-for-stm32.7-2018-q2-update.win32_1.4.0.202007081208/tools/bin/../lib/gcc/arm-none-eabi/7.3.1/../../../../arm-none-eabi/lib/thumb/v7e-m/fpv4-sp/hard\libc_nano.a(lib_a-memcpy-stub.o)
                              Core/Src/lcd.o (memcpy)
c:/st/stm32cubeide_1.4.0/stm32cubeide/plugins/com.st.stm32cube.ide.mcu.externaltools.gnu-tools-for-stm32.7-2018-q2-update.win32_1.4.0.202007081208/tools/bin/../lib/gcc/arm-none-eabi/7.3.1/../../../../arm-none-eabi/lib/thumb/v7e-m/fpv4-sp/hard\libc_nano.a(lib_a-memset.o)
                              c:/st/stm32cubeide_1.4.0/stm32cubeide/plugins/com.st.stm32cube.ide.mcu.externaltools.gnu-tools-for-stm32.7-2018-q2-update.win32_1.4.0.202007081208/tools/bin/../lib/gcc/arm-none-eabi/7.3.1/../../../../arm-none-eabi/lib/thumb/v7e-m/fpv4-sp/hard/crt0.o (memset)
c:/st/stm32cubeide_1.4.0/stm32cubeide/plugins/com.st.stm32cube.ide.mcu.externaltools.gnu-tools-for-stm32.7-2018-q2-update.win32_1.4.0.202007081208/tools/bin/../lib/gcc/arm-none-eabi/7.3.1/../../../../arm-none-eabi/lib/thumb/v7e-m/fpv4-sp/hard\libc_nano.a(lib_a-strlen.o)
                              Core/Src/lcd.o (strlen)
c:/st/stm32cubeide_1.4.0/stm32cubeide/plugins/com.st.stm32cube.ide.mcu.externaltools.gnu-tools-for-stm32.7-2018-q2-update.win32_1.4.0.202007081208/tools/bin/../lib/gcc/arm-none-eabi/7.3.1/thumb/v7e-m/fpv4-sp/hard\libgcc.a(_arm_addsubdf3.o)
                              Core/Src/hcSensor.o (__aeabi_f2d)
c:/st/stm32cubeide_1.4.0/stm32cubeide/plugins/com.st.stm32cube.ide.mcu.externaltools.gnu-tools-for-stm32.7-2018-q2-update.win32_1.4.0.202007081208/tools/bin/../lib/gcc/arm-none-eabi/7.3.1/thumb/v7e-m/fpv4-sp/hard\libgcc.a(_arm_muldivdf3.o)
                              Core/Src/hcSensor.o (__aeabi_dmul)
c:/st/stm32cubeide_1.4.0/stm32cubeide/plugins/com.st.stm32cube.ide.mcu.externaltools.gnu-tools-for-stm32.7-2018-q2-update.win32_1.4.0.202007081208/tools/bin/../lib/gcc/arm-none-eabi/7.3.1/thumb/v7e-m/fpv4-sp/hard\libgcc.a(_arm_addsubsf3.o)
                              Core/Src/hcSensor.o (__aeabi_ul2f)
c:/st/stm32cubeide_1.4.0/stm32cubeide/plugins/com.st.stm32cube.ide.mcu.externaltools.gnu-tools-for-stm32.7-2018-q2-update.win32_1.4.0.202007081208/tools/bin/../lib/gcc/arm-none-eabi/7.3.1/thumb/v7e-m/fpv4-sp/hard\libgcc.a(_aeabi_uldivmod.o)
                              Drivers/STM32L4xx_HAL_Driver/Src/stm32l4xx_hal_uart.o (__aeabi_uldivmod)
c:/st/stm32cubeide_1.4.0/stm32cubeide/plugins/com.st.stm32cube.ide.mcu.externaltools.gnu-tools-for-stm32.7-2018-q2-update.win32_1.4.0.202007081208/tools/bin/../lib/gcc/arm-none-eabi/7.3.1/thumb/v7e-m/fpv4-sp/hard\libgcc.a(_fixunsdfdi.o)
                              Core/Src/hcSensor.o (__aeabi_d2ulz)
[...]
Memory Configuration

Name             Origin             Length             Attributes
RAM              0x0000000020000000 0x00000000000a0000 xrw
FLASH            0x0000000008000000 0x0000000000200000 xr
*default*        0x0000000000000000 0xffffffffffffffff

Linker script and memory map

LOAD c:/st/stm32cubeide_1.4.0/stm32cubeide/plugins/com.st.stm32cube.ide.mcu.externaltools.gnu-tools-for-stm32.7-2018-q2-update.win32_1.4.0.202007081208/tools/bin/../lib/gcc/arm-none-eabi/7.3.1/thumb/v7e-m/fpv4-sp/hard/crti.o
LOAD c:/st/stm32cubeide_1.4.0/stm32cubeide/plugins/com.st.stm32cube.ide.mcu.externaltools.gnu-tools-for-stm32.7-2018-q2-update.win32_1.4.0.202007081208/tools/bin/../lib/gcc/arm-none-eabi/7.3.1/thumb/v7e-m/fpv4-sp/hard/crtbegin.o
LOAD c:/st/stm32cubeide_1.4.0/stm32cubeide/plugins/com.st.stm32cube.ide.mcu.externaltools.gnu-tools-for-stm32.7-2018-q2-update.win32_1.4.0.202007081208/tools/bin/../lib/gcc/arm-none-eabi/7.3.1/../../../../arm-none-eabi/lib/thumb/v7e-m/fpv4-sp/hard/crt0.o
LOAD Core/Src/freertos.o
LOAD Core/Src/hcSensor.o
LOAD Core/Src/lcd.o
LOAD Core/Src/main.o
LOAD Core/Src/stm32l4xx_hal_msp.o
LOAD Core/Src/stm32l4xx_hal_timebase_tim.o
LOAD Core/Src/stm32l4xx_it.o
LOAD Core/Src/syscalls.o
LOAD Core/Src/sysmem.o
LOAD Core/Src/system_stm32l4xx.o
LOAD Core/Startup/startup_stm32l4r5zitx.o
LOAD Drivers/STM32L4xx_HAL_Driver/Src/stm32l4xx_hal.o
LOAD Drivers/STM32L4xx_HAL_Driver/Src/stm32l4xx_hal_cortex.o
LOAD Drivers/STM32L4xx_HAL_Driver/Src/stm32l4xx_hal_dma.o
LOAD Drivers/STM32L4xx_HAL_Driver/Src/stm32l4xx_hal_dma_ex.o
LOAD Drivers/STM32L4xx_HAL_Driver/Src/stm32l4xx_hal_exti.o
LOAD Drivers/STM32L4xx_HAL_Driver/Src/stm32l4xx_hal_flash.o
LOAD Drivers/STM32L4xx_HAL_Driver/Src/stm32l4xx_hal_flash_ex.o
LOAD Drivers/STM32L4xx_HAL_Driver/Src/stm32l4xx_hal_flash_ramfunc.o
LOAD Drivers/STM32L4xx_HAL_Driver/Src/stm32l4xx_hal_gpio.o
LOAD Drivers/STM32L4xx_HAL_Driver/Src/stm32l4xx_hal_i2c.o
LOAD Drivers/STM32L4xx_HAL_Driver/Src/stm32l4xx_hal_i2c_ex.o
LOAD Drivers/STM32L4xx_HAL_Driver/Src/stm32l4xx_hal_pcd.o
LOAD Drivers/STM32L4xx_HAL_Driver/Src/stm32l4xx_hal_pcd_ex.o
LOAD Drivers/STM32L4xx_HAL_Driver/Src/stm32l4xx_hal_pwr.o
LOAD Drivers/STM32L4xx_HAL_Driver/Src/stm32l4xx_hal_pwr_ex.o
LOAD Drivers/STM32L4xx_HAL_Driver/Src/stm32l4xx_hal_rcc.o
LOAD Drivers/STM32L4xx_HAL_Driver/Src/stm32l4xx_hal_rcc_ex.o
LOAD Drivers/STM32L4xx_HAL_Driver/Src/stm32l4xx_hal_spi.o
LOAD Drivers/STM32L4xx_HAL_Driver/Src/stm32l4xx_hal_spi_ex.o
LOAD Drivers/STM32L4xx_HAL_Driver/Src/stm32l4xx_hal_tim.o
LOAD Drivers/STM32L4xx_HAL_Driver/Src/stm32l4xx_hal_tim_ex.o
LOAD Drivers/STM32L4xx_HAL_Driver/Src/stm32l4xx_hal_uart.o
LOAD Drivers/STM32L4xx_HAL_Driver/Src/stm32l4xx_hal_uart_ex.o
LOAD Drivers/STM32L4xx_HAL_Driver/Src/stm32l4xx_ll_usb.o
LOAD Middlewares/Third_Party/FreeRTOS/Source/CMSIS_RTOS/cmsis_os.o
LOAD Middlewares/Third_Party/FreeRTOS/Source/croutine.o
LOAD Middlewares/Third_Party/FreeRTOS/Source/event_groups.o
LOAD Middlewares/Third_Party/FreeRTOS/Source/list.o
LOAD Middlewares/Third_Party/FreeRTOS/Source/queue.o
LOAD Middlewares/Third_Party/FreeRTOS/Source/stream_buffer.o
LOAD Middlewares/Third_Party/FreeRTOS/Source/tasks.o
LOAD Middlewares/Third_Party/FreeRTOS/Source/timers.o
LOAD Middlewares/Third_Party/FreeRTOS/Source/portable/GCC/ARM_CM4F/port.o
LOAD Middlewares/Third_Party/FreeRTOS/Source/portable/MemMang/heap_4.o
START GROUP
LOAD c:/st/stm32cubeide_1.4.0/stm32cubeide/plugins/com.st.stm32cube.ide.mcu.externaltools.gnu-tools-for-stm32.7-2018-q2-update.win32_1.4.0.202007081208/tools/bin/../lib/gcc/arm-none-eabi/7.3.1/../../../../arm-none-eabi/lib/thumb/v7e-m/fpv4-sp/hard\libc_nano.a
LOAD c:/st/stm32cubeide_1.4.0/stm32cubeide/plugins/com.st.stm32cube.ide.mcu.externaltools.gnu-tools-for-stm32.7-2018-q2-update.win32_1.4.0.202007081208/tools/bin/../lib/gcc/arm-none-eabi/7.3.1/../../../../arm-none-eabi/lib/thumb/v7e-m/fpv4-sp/hard\libm.a
END GROUP
START GROUP
LOAD c:/st/stm32cubeide_1.4.0/stm32cubeide/plugins/com.st.stm32cube.ide.mcu.externaltools.gnu-tools-for-stm32.7-2018-q2-update.win32_1.4.0.202007081208/tools/bin/../lib/gcc/arm-none-eabi/7.3.1/thumb/v7e-m/fpv4-sp/hard\libgcc.a
LOAD c:/st/stm32cubeide_1.4.0/stm32cubeide/plugins/com.st.stm32cube.ide.mcu.externaltools.gnu-tools-for-stm32.7-2018-q2-update.win32_1.4.0.202007081208/tools/bin/../lib/gcc/arm-none-eabi/7.3.1/../../../../arm-none-eabi/lib/thumb/v7e-m/fpv4-sp/hard\libc_nano.a
END GROUP
START GROUP
LOAD c:/st/stm32cubeide_1.4.0/stm32cubeide/plugins/com.st.stm32cube.ide.mcu.externaltools.gnu-tools-for-stm32.7-2018-q2-update.win32_1.4.0.202007081208/tools/bin/../lib/gcc/arm-none-eabi/7.3.1/thumb/v7e-m/fpv4-sp/hard\libgcc.a
LOAD c:/st/stm32cubeide_1.4.0/stm32cubeide/plugins/com.st.stm32cube.ide.mcu.externaltools.gnu-tools-for-stm32.7-2018-q2-update.win32_1.4.0.202007081208/tools/bin/../lib/gcc/arm-none-eabi/7.3.1/../../../../arm-none-eabi/lib/thumb/v7e-m/fpv4-sp/hard\libc_nano.a
LOAD c:/st/stm32cubeide_1.4.0/stm32cubeide/plugins/com.st.stm32cube.ide.mcu.externaltools.gnu-tools-for-stm32.7-2018-q2-update.win32_1.4.0.202007081208/tools/bin/../lib/gcc/arm-none-eabi/7.3.1/../../../../arm-none-eabi/lib/thumb/v7e-m/fpv4-sp/hard\libnosys.a
END GROUP
START GROUP
LOAD c:/st/stm32cubeide_1.4.0/stm32cubeide/plugins/com.st.stm32cube.ide.mcu.externaltools.gnu-tools-for-stm32.7-2018-q2-update.win32_1.4.0.202007081208/tools/bin/../lib/gcc/arm-none-eabi/7.3.1/thumb/v7e-m/fpv4-sp/hard\libgcc.a
LOAD c:/st/stm32cubeide_1.4.0/stm32cubeide/plugins/com.st.stm32cube.ide.mcu.externaltools.gnu-tools-for-stm32.7-2018-q2-update.win32_1.4.0.202007081208/tools/bin/../lib/gcc/arm-none-eabi/7.3.1/../../../../arm-none-eabi/lib/thumb/v7e-m/fpv4-sp/hard\libc_nano.a
LOAD c:/st/stm32cubeide_1.4.0/stm32cubeide/plugins/com.st.stm32cube.ide.mcu.externaltools.gnu-tools-for-stm32.7-2018-q2-update.win32_1.4.0.202007081208/tools/bin/../lib/gcc/arm-none-eabi/7.3.1/../../../../arm-none-eabi/lib/thumb/v7e-m/fpv4-sp/hard\libnosys.a
END GROUP
LOAD c:/st/stm32cubeide_1.4.0/stm32cubeide/plugins/com.st.stm32cube.ide.mcu.externaltools.gnu-tools-for-stm32.7-2018-q2-update.win32_1.4.0.202007081208/tools/bin/../lib/gcc/arm-none-eabi/7.3.1/thumb/v7e-m/fpv4-sp/hard/crtend.o
LOAD c:/st/stm32cubeide_1.4.0/stm32cubeide/plugins/com.st.stm32cube.ide.mcu.externaltools.gnu-tools-for-stm32.7-2018-q2-update.win32_1.4.0.202007081208/tools/bin/../lib/gcc/arm-none-eabi/7.3.1/thumb/v7e-m/fpv4-sp/hard/crtn.o
                0x00000000200a0000                _estack = (ORIGIN (RAM) + LENGTH (RAM))
                0x0000000000000200                _Min_Heap_Size = 0x200
                0x0000000000000400                _Min_Stack_Size = 0x400

.isr_vector     0x0000000008000000      0x1bc
                0x0000000008000000                . = ALIGN (0x4)
 *(.isr_vector)
 .isr_vector    0x0000000008000000      0x1bc Core/Startup/startup_stm32l4r5zitx.o
                0x0000000008000000                g_pfnVectors
                0x00000000080001bc                . = ALIGN (0x4)

.text           0x00000000080001c0     0x94e8
                0x00000000080001c0                . = ALIGN (0x4)
 *(.text)
 .text          0x00000000080001c0       0x40 c:/st/stm32cubeide_1.4.0/stm32cubeide/plugins/com.st.stm32cube.ide.mcu.externaltools.gnu-tools-for-stm32.7-2018-q2-update.win32_1.4.0.202007081208/tools/bin/../lib/gcc/arm-none-eabi/7.3.1/thumb/v7e-m/fpv4-sp/hard/crtbegin.o
 .text          0x0000000008000200       0x10 c:/st/stm32cubeide_1.4.0/stm32cubeide/plugins/com.st.stm32cube.ide.mcu.externaltools.gnu-tools-for-stm32.7-2018-q2-update.win32_1.4.0.202007081208/tools/bin/../lib/gcc/arm-none-eabi/7.3.1/../../../../arm-none-eabi/lib/thumb/v7e-m/fpv4-sp/hard\libc_nano.a(lib_a-strlen.o)
                0x0000000008000200                strlen
 .text          0x0000000008000210      0x378 c:/st/stm32cubeide_1.4.0/stm32cubeide/plugins/com.st.stm32cube.ide.mcu.externaltools.gnu-tools-for-stm32.7-2018-q2-update.win32_1.4.0.202007081208/tools/bin/../lib/gcc/arm-none-eabi/7.3.1/thumb/v7e-m/fpv4-sp/hard\libgcc.a(_arm_addsubdf3.o)
                0x0000000008000210                __aeabi_drsub
                0x0000000008000218                __aeabi_dsub
                0x0000000008000218                __subdf3
                0x000000000800021c                __aeabi_dadd
                0x000000000800021c                __adddf3
                0x0000000008000494                __floatunsidf
                0x0000000008000494                __aeabi_ui2d
                0x00000000080004b4                __floatsidf
                0x00000000080004b4                __aeabi_i2d
                0x00000000080004d8                __aeabi_f2d
                0x00000000080004d8                __extendsfdf2
                0x000000000800051c                __floatundidf
                0x000000000800051c                __aeabi_ul2d
                0x000000000800052c                __floatdidf
                0x000000000800052c                __aeabi_l2d
 .text          0x0000000008000588      0x424 c:/st/stm32cubeide_1.4.0/stm32cubeide/plugins/com.st.stm32cube.ide.mcu.externaltools.gnu-tools-for-stm32.7-2018-q2-update.win32_1.4.0.202007081208/tools/bin/../lib/gcc/arm-none-eabi/7.3.1/thumb/v7e-m/fpv4-sp/hard\libgcc.a(_arm_muldivdf3.o)
                0x0000000008000588                __aeabi_dmul
                0x0000000008000588                __muldf3
                0x00000000080007dc                __divdf3
                0x00000000080007dc                __aeabi_ddiv
 .text          0x00000000080009ac      0x21c c:/st/stm32cubeide_1.4.0/stm32cubeide/plugins/com.st.stm32cube.ide.mcu.externaltools.gnu-tools-for-stm32.7-2018-q2-update.win32_1.4.0.202007081208/tools/bin/../lib/gcc/arm-none-eabi/7.3.1/thumb/v7e-m/fpv4-sp/hard\libgcc.a(_arm_addsubsf3.o)
                0x00000000080009ac                __aeabi_frsub
                0x00000000080009b4                __subsf3
                0x00000000080009b4                __aeabi_fsub
                0x00000000080009b8                __aeabi_fadd
                0x00000000080009b8                __addsf3
                0x0000000008000b18                __aeabi_ui2f
                0x0000000008000b18                __floatunsisf
                0x0000000008000b20                __aeabi_i2f
                0x0000000008000b20                __floatsisf
                0x0000000008000b3c                __aeabi_ul2f
                0x0000000008000b3c                __floatundisf
                0x0000000008000b4c                __aeabi_l2f
                0x0000000008000b4c                __floatdisf
 .text          0x0000000008000bc8       0x30 c:/st/stm32cubeide_1.4.0/stm32cubeide/plugins/com.st.stm32cube.ide.mcu.externaltools.gnu-tools-for-stm32.7-2018-q2-update.win32_1.4.0.202007081208/tools/bin/../lib/gcc/arm-none-eabi/7.3.1/thumb/v7e-m/fpv4-sp/hard\libgcc.a(_aeabi_uldivmod.o)
                0x0000000008000bc8                __aeabi_uldivmod
 .text          0x0000000008000bf8       0x44 c:/st/stm32cubeide_1.4.0/stm32cubeide/plugins/com.st.stm32cube.ide.mcu.externaltools.gnu-tools-for-stm32.7-2018-q2-update.win32_1.4.0.202007081208/tools/bin/../lib/gcc/arm-none-eabi/7.3.1/thumb/v7e-m/fpv4-sp/hard\libgcc.a(_fixunsdfdi.o)
                0x0000000008000bf8                __fixunsdfdi
                0x0000000008000bf8                __aeabi_d2ulz
 .text          0x0000000008000c3c      0x2cc c:/st/stm32cubeide_1.4.0/stm32cubeide/plugins/com.st.stm32cube.ide.mcu.externaltools.gnu-tools-for-stm32.7-2018-q2-update.win32_1.4.0.202007081208/tools/bin/../lib/gcc/arm-none-eabi/7.3.1/thumb/v7e-m/fpv4-sp/hard\libgcc.a(_udivmoddi4.o)
                0x0000000008000c3c                __udivmoddi4
 .text          0x0000000008000f08        0x4 c:/st/stm32cubeide_1.4.0/stm32cubeide/plugins/com.st.stm32cube.ide.mcu.externaltools.gnu-tools-for-stm32.7-2018-q2-update.win32_1.4.0.202007081208/tools/bin/../lib/gcc/arm-none-eabi/7.3.1/thumb/v7e-m/fpv4-sp/hard\libgcc.a(_dvmd_tls.o)
                0x0000000008000f08                __aeabi_idiv0
                0x0000000008000f08                __aeabi_ldiv0
 .text          0x0000000008000f0c       0x40 c:/st/stm32cubeide_1.4.0/stm32cubeide/plugins/com.st.stm32cube.ide.mcu.externaltools.gnu-tools-for-stm32.7-2018-q2-update.win32_1.4.0.202007081208/tools/bin/../lib/gcc/arm-none-eabi/7.3.1/thumb/v7e-m/fpv4-sp/hard\libgcc.a(_arm_fixunsdfsi.o)
                0x0000000008000f0c                __aeabi_d2uiz
                0x0000000008000f0c                __fixunsdfsi
 *(.text*)
 .text.vApplicationGetIdleTaskMemory
                0x0000000008000f4c       0x34 Core/Src/freertos.o
                0x0000000008000f4c                vApplicationGetIdleTaskMemory
 .text.uDelayTim1
                0x0000000008000f80       0x20 Core/Src/hcSensor.o
                0x0000000008000f80                uDelayTim1
 .text.uDelayTim7
                0x0000000008000fa0       0x80 Core/Src/hcSensor.o
                0x0000000008000fa0                uDelayTim7
 .text.measureDistance
                0x0000000008001020       0xc0 Core/Src/hcSensor.o
                0x0000000008001020                measureDistance
 .text.triggerMeasureCenter
                0x00000000080010e0       0x4c Core/Src/hcSensor.o
                0x00000000080010e0                triggerMeasureCenter
 .text.triggerMeasureLeft
                0x000000000800112c       0x4c Core/Src/hcSensor.o
                0x000000000800112c                triggerMeasureLeft
 .text.triggerMeasureRight
                0x0000000008001178       0x4c Core/Src/hcSensor.o
                0x0000000008001178                triggerMeasureRight
 .text.lcdInit  0x00000000080011c4       0xae Core/Src/lcd.o
                0x00000000080011c4                lcdInit
 *fill*         0x0000000008001272        0x2 
 .text.lcdCmdMode
                0x0000000008001274       0x70 Core/Src/lcd.o
                0x0000000008001274                lcdCmdMode
 .text.lcdDataMode
                0x00000000080012e4       0x5a Core/Src/lcd.o
                0x00000000080012e4                lcdDataMode
 .text.lcdSetPlace
                0x000000000800133e       0x5a Core/Src/lcd.o
                0x000000000800133e                lcdSetPlace
 .text.lcdWelcome
                0x0000000008001398       0xf4 Core/Src/lcd.o
                0x0000000008001398                lcdWelcome
 .text.lcdClear
                0x000000000800148c      0x134 Core/Src/lcd.o
                0x000000000800148c                lcdClear
 .text.lcdMarkPrint
                0x00000000080015c0       0x5c Core/Src/lcd.o
                0x00000000080015c0                lcdMarkPrint
 .text.lcdReadBuffer
                0x000000000800161c       0x5e Core/Src/lcd.o
                0x000000000800161c                lcdReadBuffer
 .text.lcdClearBuffer
                0x000000000800167a       0x50 Core/Src/lcd.o
                0x000000000800167a                lcdClearBuffer
 *fill*         0x00000000080016ca        0x2 
 .text.display_based
                0x00000000080016cc       0x8c Core/Src/lcd.o
                0x00000000080016cc                display_based
 .text.display_lvl1_based
                0x0000000008001758       0xc0 Core/Src/lcd.o
                0x0000000008001758                display_lvl1_based
 .text.display_lvl2_based
                0x0000000008001818       0xf4 Core/Src/lcd.o
                0x0000000008001818                display_lvl2_based
 .text.display_lvl1_srodek
                0x000000000800190c       0xc0 Core/Src/lcd.o
                0x000000000800190c                display_lvl1_srodek
 .text.display_lvl1_left
                0x00000000080019cc       0xc4 Core/Src/lcd.o
                0x00000000080019cc                display_lvl1_left
 .text.display_lvl1_right
                0x0000000008001a90       0xc0 Core/Src/lcd.o
                0x0000000008001a90                display_lvl1_right
 .text.display_lvl2_srodek
                0x0000000008001b50       0xf0 Core/Src/lcd.o
                0x0000000008001b50                display_lvl2_srodek
 .text.display_lvl2_left
                0x0000000008001c40       0xf4 Core/Src/lcd.o
                0x0000000008001c40                display_lvl2_left
 .text.display_lvl2_right
                0x0000000008001d34       0xf4 Core/Src/lcd.o
                0x0000000008001d34                display_lvl2_right
 .text.buzzerDriver
                0x0000000008001e28       0xcc Core/Src/lcd.o
                0x0000000008001e28                buzzerDriver
 .text.display_driver
                0x0000000008001ef4      0x20a Core/Src/lcd.o
                0x0000000008001ef4                display_driver
 *fill*         0x00000000080020fe        0x2 
 .text.main     0x0000000008002100      0x104 Core/Src/main.o
                0x0000000008002100                main
 .text.SystemClock_Config
                0x0000000008002204      0x10e Core/Src/main.o
                0x0000000008002204                SystemClock_Config
 *fill*         0x0000000008002312        0x2 
 .text.MX_LPUART1_UART_Init
                0x0000000008002314       0xa0 Core/Src/main.o
 .text.MX_USART3_UART_Init
                0x00000000080023b4       0x98 Core/Src/main.o
 .text.MX_SPI1_Init
                0x000000000800244c       0x7c Core/Src/main.o
 .text.MX_TIM1_Init
                0x00000000080024c8       0x4c Core/Src/main.o
 .text.MX_TIM3_Init
                0x0000000008002514       0xf0 Core/Src/main.o
 .text.MX_TIM7_Init
                0x0000000008002604       0x6c Core/Src/main.o
 .text.MX_USB_OTG_FS_PCD_Init
                0x0000000008002670       0x54 Core/Src/main.o
 .text.MX_GPIO_Init
                0x00000000080026c4      0x1e8 Core/Src/main.o
 .text.hc_sr04_measure
                0x00000000080028ac      0x138 Core/Src/main.o
                0x00000000080028ac                hc_sr04_measure
 .text.display_pii
                0x00000000080029e4       0xdc Core/Src/main.o
                0x00000000080029e4                display_pii
 .text.buzzer_work
                0x0000000008002ac0       0x80 Core/Src/main.o
                0x0000000008002ac0                buzzer_work
 .text.HAL_TIM_PeriodElapsedCallback
                0x0000000008002b40       0x24 Core/Src/main.o
                0x0000000008002b40                HAL_TIM_PeriodElapsedCallback
 .text.Error_Handler
                0x0000000008002b64        0xe Core/Src/main.o
                0x0000000008002b64                Error_Handler
 *fill*         0x0000000008002b72        0x2 
 .text.HAL_MspInit
                0x0000000008002b74       0x48 Core/Src/stm32l4xx_hal_msp.o
                0x0000000008002b74                HAL_MspInit
 .text.HAL_UART_MspInit
                0x0000000008002bbc       0xf4 Core/Src/stm32l4xx_hal_msp.o
                0x0000000008002bbc                HAL_UART_MspInit
 .text.HAL_SPI_MspInit
                0x0000000008002cb0       0x84 Core/Src/stm32l4xx_hal_msp.o
                0x0000000008002cb0                HAL_SPI_MspInit
 .text.HAL_TIM_OnePulse_MspInit
                0x0000000008002d34       0x40 Core/Src/stm32l4xx_hal_msp.o
                0x0000000008002d34                HAL_TIM_OnePulse_MspInit
 .text.HAL_TIM_Base_MspInit
                0x0000000008002d74       0x74 Core/Src/stm32l4xx_hal_msp.o
                0x0000000008002d74                HAL_TIM_Base_MspInit
 .text.HAL_TIM_MspPostInit
                0x0000000008002de8       0x6c Core/Src/stm32l4xx_hal_msp.o
                0x0000000008002de8                HAL_TIM_MspPostInit
 .text.HAL_PCD_MspInit
                0x0000000008002e54       0xd8 Core/Src/stm32l4xx_hal_msp.o
                0x0000000008002e54                HAL_PCD_MspInit
 .text.HAL_InitTick
                0x0000000008002f2c       0xb0 Core/Src/stm32l4xx_hal_timebase_tim.o
                0x0000000008002f2c                HAL_InitTick
 .text.NMI_Handler
                0x0000000008002fdc        0xe Core/Src/stm32l4xx_it.o
                0x0000000008002fdc                NMI_Handler
 .text.HardFault_Handler
                0x0000000008002fea        0x6 Core/Src/stm32l4xx_it.o
                0x0000000008002fea                HardFault_Handler
 .text.MemManage_Handler
                0x0000000008002ff0        0x6 Core/Src/stm32l4xx_it.o
                0x0000000008002ff0                MemManage_Handler
 .text.BusFault_Handler
                0x0000000008002ff6        0x6 Core/Src/stm32l4xx_it.o
                0x0000000008002ff6                BusFault_Handler
 .text.UsageFault_Handler
                0x0000000008002ffc        0x6 Core/Src/stm32l4xx_it.o
                0x0000000008002ffc                UsageFault_Handler
 .text.DebugMon_Handler
                0x0000000008003002        0xe Core/Src/stm32l4xx_it.o
                0x0000000008003002                DebugMon_Handler
 .text.TIM6_DAC_IRQHandler
                0x0000000008003010       0x14 Core/Src/stm32l4xx_it.o
                0x0000000008003010                TIM6_DAC_IRQHandler
 .text.TIM7_IRQHandler
                0x0000000008003024       0x14 Core/Src/stm32l4xx_it.o
                0x0000000008003024                TIM7_IRQHandler
 .text.SystemInit
                0x0000000008003038       0x6c Core/Src/system_stm32l4xx.o
                0x0000000008003038                SystemInit
 .text.Reset_Handler
                0x00000000080030a4       0x50 Core/Startup/startup_stm32l4r5zitx.o
                0x00000000080030a4                Reset_Handler
 .text.Default_Handler
                0x00000000080030f4        0x2 Core/Startup/startup_stm32l4r5zitx.o
                0x00000000080030f4                RTC_Alarm_IRQHandler
                0x00000000080030f4                EXTI2_IRQHandler
                0x00000000080030f4                TIM8_TRG_COM_IRQHandler
                0x00000000080030f4                TIM8_CC_IRQHandler
                0x00000000080030f4                TIM1_CC_IRQHandler
                0x00000000080030f4                TSC_IRQHandler
                0x00000000080030f4                TAMP_STAMP_IRQHandler
                0x00000000080030f4                EXTI3_IRQHandler
                0x00000000080030f4                LPTIM2_IRQHandler
                0x00000000080030f4                DFSDM1_FLT1_IRQHandler
                0x00000000080030f4                GFXMMU_IRQHandler
                0x00000000080030f4                I2C3_ER_IRQHandler
                0x00000000080030f4                DFSDM1_FLT2_IRQHandler
                0x00000000080030f4                EXTI0_IRQHandler
                0x00000000080030f4                I2C2_EV_IRQHandler
                0x00000000080030f4                CAN1_RX0_IRQHandler
                0x00000000080030f4                FPU_IRQHandler
                0x00000000080030f4                TIM1_UP_TIM16_IRQHandler
                0x00000000080030f4                LTDC_ER_IRQHandler
                0x00000000080030f4                SPI1_IRQHandler
                0x00000000080030f4                OCTOSPI1_IRQHandler
                0x00000000080030f4                DCMI_IRQHandler
                0x00000000080030f4                TIM8_UP_IRQHandler
                0x00000000080030f4                OCTOSPI2_IRQHandler
                0x00000000080030f4                DMA2_Channel2_IRQHandler
                0x00000000080030f4                DMA1_Channel4_IRQHandler
                0x00000000080030f4                SAI2_IRQHandler
                0x00000000080030f4                ADC1_IRQHandler
                0x00000000080030f4                DFSDM1_FLT3_IRQHandler
                0x00000000080030f4                USART3_IRQHandler
                0x00000000080030f4                DMA1_Channel7_IRQHandler
                0x00000000080030f4                CAN1_RX1_IRQHandler
                0x00000000080030f4                UART5_IRQHandler
                0x00000000080030f4                TIM4_IRQHandler
                0x00000000080030f4                DMA2_Channel1_IRQHandler
                0x00000000080030f4                I2C1_EV_IRQHandler
                0x00000000080030f4                DMAMUX1_OVR_IRQHandler
                0x00000000080030f4                DMA1_Channel6_IRQHandler
                0x00000000080030f4                UART4_IRQHandler
                0x00000000080030f4                DMA2_Channel4_IRQHandler
                0x00000000080030f4                TIM3_IRQHandler
                0x00000000080030f4                RCC_IRQHandler
                0x00000000080030f4                DMA1_Channel1_IRQHandler
                0x00000000080030f4                Default_Handler
                0x00000000080030f4                DMA2_Channel7_IRQHandler
                0x00000000080030f4                EXTI15_10_IRQHandler
                0x00000000080030f4                SDMMC1_IRQHandler
                0x00000000080030f4                TIM5_IRQHandler
                0x00000000080030f4                I2C3_EV_IRQHandler
                0x00000000080030f4                EXTI9_5_IRQHandler
                0x00000000080030f4                RTC_WKUP_IRQHandler
                0x00000000080030f4                LTDC_IRQHandler
                0x00000000080030f4                PVD_PVM_IRQHandler
                0x00000000080030f4                SPI2_IRQHandler
                0x00000000080030f4                CAN1_TX_IRQHandler
                0x00000000080030f4                DMA2_Channel5_IRQHandler
                0x00000000080030f4                CRS_IRQHandler
                0x00000000080030f4                DMA1_Channel5_IRQHandler
                0x00000000080030f4                EXTI4_IRQHandler
                0x00000000080030f4                RNG_IRQHandler
                0x00000000080030f4                TIM1_TRG_COM_TIM17_IRQHandler
                0x00000000080030f4                DMA1_Channel3_IRQHandler
                0x00000000080030f4                COMP_IRQHandler
                0x00000000080030f4                WWDG_IRQHandler
                0x00000000080030f4                I2C4_EV_IRQHandler
                0x00000000080030f4                LPUART1_IRQHandler
                0x00000000080030f4                DMA2_Channel6_IRQHandler
                0x00000000080030f4                TIM2_IRQHandler
                0x00000000080030f4                DMA2D_IRQHandler
                0x00000000080030f4                EXTI1_IRQHandler
                0x00000000080030f4                USART2_IRQHandler
                0x00000000080030f4                DFSDM1_FLT0_IRQHandler
                0x00000000080030f4                I2C2_ER_IRQHandler
                0x00000000080030f4                DMA1_Channel2_IRQHandler
                0x00000000080030f4                TIM8_BRK_IRQHandler
                0x00000000080030f4                CAN1_SCE_IRQHandler
                0x00000000080030f4                FLASH_IRQHandler
                0x00000000080030f4                USART1_IRQHandler
                0x00000000080030f4                OTG_FS_IRQHandler
                0x00000000080030f4                SPI3_IRQHandler
                0x00000000080030f4                I2C1_ER_IRQHandler
                0x00000000080030f4                FMC_IRQHandler
                0x00000000080030f4                LPTIM1_IRQHandler
                0x00000000080030f4                I2C4_ER_IRQHandler
                0x00000000080030f4                SAI1_IRQHandler
                0x00000000080030f4                DMA2_Channel3_IRQHandler
                0x00000000080030f4                TIM1_BRK_TIM15_IRQHandler
 .text.HAL_Init
                0x00000000080030f6       0x30 Drivers/STM32L4xx_HAL_Driver/Src/stm32l4xx_hal.o
                0x00000000080030f6                HAL_Init
 *fill*         0x0000000008003126        0x2 
 .text.HAL_IncTick
                0x0000000008003128       0x28 Drivers/STM32L4xx_HAL_Driver/Src/stm32l4xx_hal.o
                0x0000000008003128                HAL_IncTick
 .text.HAL_GetTick
                0x0000000008003150       0x18 Drivers/STM32L4xx_HAL_Driver/Src/stm32l4xx_hal.o
                0x0000000008003150                HAL_GetTick
 .text.HAL_Delay
                0x0000000008003168       0x44 Drivers/STM32L4xx_HAL_Driver/Src/stm32l4xx_hal.o
                0x0000000008003168                HAL_Delay
 .text.__NVIC_SetPriorityGrouping
                0x00000000080031ac       0x48 Drivers/STM32L4xx_HAL_Driver/Src/stm32l4xx_hal_cortex.o
 .text.__NVIC_GetPriorityGrouping
                0x00000000080031f4       0x1c Drivers/STM32L4xx_HAL_Driver/Src/stm32l4xx_hal_cortex.o
 .text.__NVIC_EnableIRQ
                0x0000000008003210       0x3c Drivers/STM32L4xx_HAL_Driver/Src/stm32l4xx_hal_cortex.o
 .text.__NVIC_SetPriority
                0x000000000800324c       0x54 Drivers/STM32L4xx_HAL_Driver/Src/stm32l4xx_hal_cortex.o
 .text.NVIC_EncodePriority
                0x00000000080032a0       0x66 Drivers/STM32L4xx_HAL_Driver/Src/stm32l4xx_hal_cortex.o
 .text.HAL_NVIC_SetPriorityGrouping
                0x0000000008003306       0x16 Drivers/STM32L4xx_HAL_Driver/Src/stm32l4xx_hal_cortex.o
                0x0000000008003306                HAL_NVIC_SetPriorityGrouping
 .text.HAL_NVIC_SetPriority
                0x000000000800331c       0x38 Drivers/STM32L4xx_HAL_Driver/Src/stm32l4xx_hal_cortex.o
                0x000000000800331c                HAL_NVIC_SetPriority
 .text.HAL_NVIC_EnableIRQ
                0x0000000008003354       0x1c Drivers/STM32L4xx_HAL_Driver/Src/stm32l4xx_hal_cortex.o
                0x0000000008003354                HAL_NVIC_EnableIRQ
 .text.HAL_GPIO_Init
                0x0000000008003370      0x324 Drivers/STM32L4xx_HAL_Driver/Src/stm32l4xx_hal_gpio.o
                0x0000000008003370                HAL_GPIO_Init
 .text.HAL_GPIO_ReadPin
                0x0000000008003694       0x30 Drivers/STM32L4xx_HAL_Driver/Src/stm32l4xx_hal_gpio.o
                0x0000000008003694                HAL_GPIO_ReadPin
 .text.HAL_GPIO_WritePin
                0x00000000080036c4       0x30 Drivers/STM32L4xx_HAL_Driver/Src/stm32l4xx_hal_gpio.o
                0x00000000080036c4                HAL_GPIO_WritePin
 .text.HAL_GPIO_TogglePin
                0x00000000080036f4       0x34 Drivers/STM32L4xx_HAL_Driver/Src/stm32l4xx_hal_gpio.o
                0x00000000080036f4                HAL_GPIO_TogglePin
 .text.HAL_PCD_Init
                0x0000000008003728      0x248 Drivers/STM32L4xx_HAL_Driver/Src/stm32l4xx_hal_pcd.o
                0x0000000008003728                HAL_PCD_Init
 .text.HAL_PCDEx_ActivateLPM
                0x0000000008003970       0x48 Drivers/STM32L4xx_HAL_Driver/Src/stm32l4xx_hal_pcd_ex.o
                0x0000000008003970                HAL_PCDEx_ActivateLPM
 .text.HAL_PWREx_GetVoltageRange
                0x00000000080039b8       0x40 Drivers/STM32L4xx_HAL_Driver/Src/stm32l4xx_hal_pwr_ex.o
                0x00000000080039b8                HAL_PWREx_GetVoltageRange
 .text.HAL_PWREx_ControlVoltageScaling
                0x00000000080039f8      0x148 Drivers/STM32L4xx_HAL_Driver/Src/stm32l4xx_hal_pwr_ex.o
                0x00000000080039f8                HAL_PWREx_ControlVoltageScaling
 .text.HAL_PWREx_EnableVddUSB
                0x0000000008003b40       0x20 Drivers/STM32L4xx_HAL_Driver/Src/stm32l4xx_hal_pwr_ex.o
                0x0000000008003b40                HAL_PWREx_EnableVddUSB
 .text.HAL_PWREx_EnableVddIO2
                0x0000000008003b60       0x20 Drivers/STM32L4xx_HAL_Driver/Src/stm32l4xx_hal_pwr_ex.o
                0x0000000008003b60                HAL_PWREx_EnableVddIO2
 .text.HAL_RCC_OscConfig
                0x0000000008003b80      0x84c Drivers/STM32L4xx_HAL_Driver/Src/stm32l4xx_hal_rcc.o
                0x0000000008003b80                HAL_RCC_OscConfig
 .text.HAL_RCC_ClockConfig
                0x00000000080043cc      0x258 Drivers/STM32L4xx_HAL_Driver/Src/stm32l4xx_hal_rcc.o
                0x00000000080043cc                HAL_RCC_ClockConfig
 .text.HAL_RCC_GetSysClockFreq
                0x0000000008004624      0x114 Drivers/STM32L4xx_HAL_Driver/Src/stm32l4xx_hal_rcc.o
                0x0000000008004624                HAL_RCC_GetSysClockFreq
 .text.HAL_RCC_GetHCLKFreq
                0x0000000008004738       0x18 Drivers/STM32L4xx_HAL_Driver/Src/stm32l4xx_hal_rcc.o
                0x0000000008004738                HAL_RCC_GetHCLKFreq
 .text.HAL_RCC_GetPCLK1Freq
                0x0000000008004750       0x2c Drivers/STM32L4xx_HAL_Driver/Src/stm32l4xx_hal_rcc.o
                0x0000000008004750                HAL_RCC_GetPCLK1Freq
 .text.HAL_RCC_GetPCLK2Freq
                0x000000000800477c       0x2c Drivers/STM32L4xx_HAL_Driver/Src/stm32l4xx_hal_rcc.o
                0x000000000800477c                HAL_RCC_GetPCLK2Freq
 .text.HAL_RCC_GetClockConfig
                0x00000000080047a8       0x64 Drivers/STM32L4xx_HAL_Driver/Src/stm32l4xx_hal_rcc.o
                0x00000000080047a8                HAL_RCC_GetClockConfig
 .text.RCC_SetFlashLatencyFromMSIRange
                0x000000000800480c       0xb4 Drivers/STM32L4xx_HAL_Driver/Src/stm32l4xx_hal_rcc.o
 .text.RCC_GetSysClockFreqFromPLLSource
                0x00000000080048c0       0xd0 Drivers/STM32L4xx_HAL_Driver/Src/stm32l4xx_hal_rcc.o
 .text.HAL_RCCEx_PeriphCLKConfig
                0x0000000008004990      0x650 Drivers/STM32L4xx_HAL_Driver/Src/stm32l4xx_hal_rcc_ex.o
                0x0000000008004990                HAL_RCCEx_PeriphCLKConfig
 .text.RCCEx_PLLSAI1_Config
                0x0000000008004fe0      0x1e0 Drivers/STM32L4xx_HAL_Driver/Src/stm32l4xx_hal_rcc_ex.o
 .text.RCCEx_PLLSAI2_Config
                0x00000000080051c0      0x1e0 Drivers/STM32L4xx_HAL_Driver/Src/stm32l4xx_hal_rcc_ex.o
 .text.HAL_SPI_Init
                0x00000000080053a0      0x146 Drivers/STM32L4xx_HAL_Driver/Src/stm32l4xx_hal_spi.o
                0x00000000080053a0                HAL_SPI_Init
 .text.HAL_SPI_Transmit
                0x00000000080054e6      0x2dc Drivers/STM32L4xx_HAL_Driver/Src/stm32l4xx_hal_spi.o
                0x00000000080054e6                HAL_SPI_Transmit
 *fill*         0x00000000080057c2        0x2 
 .text.SPI_WaitFlagStateUntilTimeout
                0x00000000080057c4      0x110 Drivers/STM32L4xx_HAL_Driver/Src/stm32l4xx_hal_spi.o
 .text.SPI_WaitFifoStateUntilTimeout
                0x00000000080058d4      0x11c Drivers/STM32L4xx_HAL_Driver/Src/stm32l4xx_hal_spi.o
 .text.SPI_EndRxTxTransaction
                0x00000000080059f0       0x8c Drivers/STM32L4xx_HAL_Driver/Src/stm32l4xx_hal_spi.o
 .text.HAL_TIM_Base_Init
                0x0000000008005a7c       0xae Drivers/STM32L4xx_HAL_Driver/Src/stm32l4xx_hal_tim.o
                0x0000000008005a7c                HAL_TIM_Base_Init
 *fill*         0x0000000008005b2a        0x2 
 .text.HAL_TIM_Base_Start_IT
                0x0000000008005b2c       0xe0 Drivers/STM32L4xx_HAL_Driver/Src/stm32l4xx_hal_tim.o
                0x0000000008005b2c                HAL_TIM_Base_Start_IT
 .text.HAL_TIM_PWM_Init
                0x0000000008005c0c       0xae Drivers/STM32L4xx_HAL_Driver/Src/stm32l4xx_hal_tim.o
                0x0000000008005c0c                HAL_TIM_PWM_Init
 .text.HAL_TIM_PWM_MspInit
                0x0000000008005cba       0x14 Drivers/STM32L4xx_HAL_Driver/Src/stm32l4xx_hal_tim.o
                0x0000000008005cba                HAL_TIM_PWM_MspInit
 *fill*         0x0000000008005cce        0x2 
 .text.HAL_TIM_PWM_Start
                0x0000000008005cd0      0x20c Drivers/STM32L4xx_HAL_Driver/Src/stm32l4xx_hal_tim.o
                0x0000000008005cd0                HAL_TIM_PWM_Start
 .text.HAL_TIM_PWM_Stop
                0x0000000008005edc      0x12c Drivers/STM32L4xx_HAL_Driver/Src/stm32l4xx_hal_tim.o
                0x0000000008005edc                HAL_TIM_PWM_Stop
 .text.HAL_TIM_OnePulse_Init
                0x0000000008006008       0xa0 Drivers/STM32L4xx_HAL_Driver/Src/stm32l4xx_hal_tim.o
                0x0000000008006008                HAL_TIM_OnePulse_Init
 .text.HAL_TIM_OnePulse_Start
                0x00000000080060a8       0xec Drivers/STM32L4xx_HAL_Driver/Src/stm32l4xx_hal_tim.o
                0x00000000080060a8                HAL_TIM_OnePulse_Start
 .text.HAL_TIM_IRQHandler
                0x0000000008006194      0x23e Drivers/STM32L4xx_HAL_Driver/Src/stm32l4xx_hal_tim.o
                0x0000000008006194                HAL_TIM_IRQHandler
 *fill*         0x00000000080063d2        0x2 
 .text.HAL_TIM_PWM_ConfigChannel
                0x00000000080063d4      0x220 Drivers/STM32L4xx_HAL_Driver/Src/stm32l4xx_hal_tim.o
                0x00000000080063d4                HAL_TIM_PWM_ConfigChannel
 .text.HAL_TIM_ConfigClockSource
                0x00000000080065f4      0x172 Drivers/STM32L4xx_HAL_Driver/Src/stm32l4xx_hal_tim.o
                0x00000000080065f4                HAL_TIM_ConfigClockSource
 .text.HAL_TIM_OC_DelayElapsedCallback
                0x0000000008006766       0x14 Drivers/STM32L4xx_HAL_Driver/Src/stm32l4xx_hal_tim.o
                0x0000000008006766                HAL_TIM_OC_DelayElapsedCallback
 .text.HAL_TIM_IC_CaptureCallback
                0x000000000800677a       0x14 Drivers/STM32L4xx_HAL_Driver/Src/stm32l4xx_hal_tim.o
                0x000000000800677a                HAL_TIM_IC_CaptureCallback
 .text.HAL_TIM_PWM_PulseFinishedCallback
                0x000000000800678e       0x14 Drivers/STM32L4xx_HAL_Driver/Src/stm32l4xx_hal_tim.o
                0x000000000800678e                HAL_TIM_PWM_PulseFinishedCallback
 .text.HAL_TIM_TriggerCallback
                0x00000000080067a2       0x14 Drivers/STM32L4xx_HAL_Driver/Src/stm32l4xx_hal_tim.o
                0x00000000080067a2                HAL_TIM_TriggerCallback
 *fill*         0x00000000080067b6        0x2 
 .text.TIM_Base_SetConfig
                0x00000000080067b8      0x134 Drivers/STM32L4xx_HAL_Driver/Src/stm32l4xx_hal_tim.o
                0x00000000080067b8                TIM_Base_SetConfig
 .text.TIM_OC1_SetConfig
                0x00000000080068ec      0x120 Drivers/STM32L4xx_HAL_Driver/Src/stm32l4xx_hal_tim.o
 .text.TIM_OC2_SetConfig
                0x0000000008006a0c      0x114 Drivers/STM32L4xx_HAL_Driver/Src/stm32l4xx_hal_tim.o
                0x0000000008006a0c                TIM_OC2_SetConfig
 .text.TIM_OC3_SetConfig
                0x0000000008006b20      0x110 Drivers/STM32L4xx_HAL_Driver/Src/stm32l4xx_hal_tim.o
 .text.TIM_OC4_SetConfig
                0x0000000008006c30       0xd4 Drivers/STM32L4xx_HAL_Driver/Src/stm32l4xx_hal_tim.o
 .text.TIM_OC5_SetConfig
                0x0000000008006d04       0xc8 Drivers/STM32L4xx_HAL_Driver/Src/stm32l4xx_hal_tim.o
 .text.TIM_OC6_SetConfig
                0x0000000008006dcc       0xcc Drivers/STM32L4xx_HAL_Driver/Src/stm32l4xx_hal_tim.o
 .text.TIM_TI1_ConfigInputStage
                0x0000000008006e98       0x5e Drivers/STM32L4xx_HAL_Driver/Src/stm32l4xx_hal_tim.o
 .text.TIM_TI2_ConfigInputStage
                0x0000000008006ef6       0x60 Drivers/STM32L4xx_HAL_Driver/Src/stm32l4xx_hal_tim.o
 .text.TIM_ITRx_SetConfig
                0x0000000008006f56       0x36 Drivers/STM32L4xx_HAL_Driver/Src/stm32l4xx_hal_tim.o
 .text.TIM_ETR_SetConfig
                0x0000000008006f8c       0x40 Drivers/STM32L4xx_HAL_Driver/Src/stm32l4xx_hal_tim.o
                0x0000000008006f8c                TIM_ETR_SetConfig
 .text.TIM_CCxChannelCmd
                0x0000000008006fcc       0x4a Drivers/STM32L4xx_HAL_Driver/Src/stm32l4xx_hal_tim.o
                0x0000000008006fcc                TIM_CCxChannelCmd
 *fill*         0x0000000008007016        0x2 
 .text.HAL_TIMEx_MasterConfigSynchronization
                0x0000000008007018      0x110 Drivers/STM32L4xx_HAL_Driver/Src/stm32l4xx_hal_tim_ex.o
                0x0000000008007018                HAL_TIMEx_MasterConfigSynchronization
 .text.HAL_TIMEx_CommutCallback
                0x0000000008007128       0x14 Drivers/STM32L4xx_HAL_Driver/Src/stm32l4xx_hal_tim_ex.o
                0x0000000008007128                HAL_TIMEx_CommutCallback
 .text.HAL_TIMEx_BreakCallback
                0x000000000800713c       0x14 Drivers/STM32L4xx_HAL_Driver/Src/stm32l4xx_hal_tim_ex.o
                0x000000000800713c                HAL_TIMEx_BreakCallback
 .text.HAL_TIMEx_Break2Callback
                0x0000000008007150       0x14 Drivers/STM32L4xx_HAL_Driver/Src/stm32l4xx_hal_tim_ex.o
                0x0000000008007150                HAL_TIMEx_Break2Callback
 .text.HAL_UART_Init
                0x0000000008007164       0xa0 Drivers/STM32L4xx_HAL_Driver/Src/stm32l4xx_hal_uart.o
                0x0000000008007164                HAL_UART_Init
 .text.UART_SetConfig
                0x0000000008007204      0x5a4 Drivers/STM32L4xx_HAL_Driver/Src/stm32l4xx_hal_uart.o
                0x0000000008007204                UART_SetConfig
 .text.UART_AdvFeatureConfig
                0x00000000080077a8      0x144 Drivers/STM32L4xx_HAL_Driver/Src/stm32l4xx_hal_uart.o
                0x00000000080077a8                UART_AdvFeatureConfig
 .text.UART_CheckIdleState
                0x00000000080078ec       0x90 Drivers/STM32L4xx_HAL_Driver/Src/stm32l4xx_hal_uart.o
                0x00000000080078ec                UART_CheckIdleState
 .text.UART_WaitOnFlagUntilTimeout
                0x000000000800797c      0x100 Drivers/STM32L4xx_HAL_Driver/Src/stm32l4xx_hal_uart.o
                0x000000000800797c                UART_WaitOnFlagUntilTimeout
 .text.HAL_UARTEx_DisableFifoMode
                0x0000000008007a7c       0x72 Drivers/STM32L4xx_HAL_Driver/Src/stm32l4xx_hal_uart_ex.o
                0x0000000008007a7c                HAL_UARTEx_DisableFifoMode
 .text.HAL_UARTEx_SetTxFifoThreshold
                0x0000000008007aee       0x7c Drivers/STM32L4xx_HAL_Driver/Src/stm32l4xx_hal_uart_ex.o
                0x0000000008007aee                HAL_UARTEx_SetTxFifoThreshold
 .text.HAL_UARTEx_SetRxFifoThreshold
                0x0000000008007b6a       0x7c Drivers/STM32L4xx_HAL_Driver/Src/stm32l4xx_hal_uart_ex.o
                0x0000000008007b6a                HAL_UARTEx_SetRxFifoThreshold
 *fill*         0x0000000008007be6        0x2 
 .text.UARTEx_SetNbDataToProcess
                0x0000000008007be8       0xd0 Drivers/STM32L4xx_HAL_Driver/Src/stm32l4xx_hal_uart_ex.o
 .text.USB_CoreInit
                0x0000000008007cb8       0xa4 Drivers/STM32L4xx_HAL_Driver/Src/stm32l4xx_ll_usb.o
                0x0000000008007cb8                USB_CoreInit
 .text.USB_DisableGlobalInt
                0x0000000008007d5c       0x22 Drivers/STM32L4xx_HAL_Driver/Src/stm32l4xx_ll_usb.o
                0x0000000008007d5c                USB_DisableGlobalInt
 .text.USB_SetCurrentMode
                0x0000000008007d7e       0x54 Drivers/STM32L4xx_HAL_Driver/Src/stm32l4xx_ll_usb.o
                0x0000000008007d7e                USB_SetCurrentMode
 *fill*         0x0000000008007dd2        0x2 
 .text.USB_DevInit
                0x0000000008007dd4      0x298 Drivers/STM32L4xx_HAL_Driver/Src/stm32l4xx_ll_usb.o
                0x0000000008007dd4                USB_DevInit
 .text.USB_FlushTxFifo
                0x000000000800806c       0x4c Drivers/STM32L4xx_HAL_Driver/Src/stm32l4xx_ll_usb.o
                0x000000000800806c                USB_FlushTxFifo
 .text.USB_FlushRxFifo
                0x00000000080080b8       0x44 Drivers/STM32L4xx_HAL_Driver/Src/stm32l4xx_ll_usb.o
                0x00000000080080b8                USB_FlushRxFifo
 .text.USB_SetDevSpeed
                0x00000000080080fc       0x32 Drivers/STM32L4xx_HAL_Driver/Src/stm32l4xx_ll_usb.o
                0x00000000080080fc                USB_SetDevSpeed
 .text.USB_DevDisconnect
                0x000000000800812e       0x42 Drivers/STM32L4xx_HAL_Driver/Src/stm32l4xx_ll_usb.o
                0x000000000800812e                USB_DevDisconnect
 .text.USB_CoreReset
                0x0000000008008170       0x68 Drivers/STM32L4xx_HAL_Driver/Src/stm32l4xx_ll_usb.o
 .text.makeFreeRtosPriority
                0x00000000080081d8       0x30 Middlewares/Third_Party/FreeRTOS/Source/CMSIS_RTOS/cmsis_os.o
 .text.osKernelStart
                0x0000000008008208        0xe Middlewares/Third_Party/FreeRTOS/Source/CMSIS_RTOS/cmsis_os.o
                0x0000000008008208                osKernelStart
 .text.osThreadCreate
                0x0000000008008216       0x98 Middlewares/Third_Party/FreeRTOS/Source/CMSIS_RTOS/cmsis_os.o
                0x0000000008008216                osThreadCreate
 .text.osDelay  0x00000000080082ae       0x28 Middlewares/Third_Party/FreeRTOS/Source/CMSIS_RTOS/cmsis_os.o
                0x00000000080082ae                osDelay
 .text.vListInitialise
                0x00000000080082d6       0x40 Middlewares/Third_Party/FreeRTOS/Source/list.o
                0x00000000080082d6                vListInitialise
 .text.vListInitialiseItem
                0x0000000008008316       0x1a Middlewares/Third_Party/FreeRTOS/Source/list.o
                0x0000000008008316                vListInitialiseItem
 .text.vListInsertEnd
                0x0000000008008330       0x48 Middlewares/Third_Party/FreeRTOS/Source/list.o
                0x0000000008008330                vListInsertEnd
 .text.vListInsert
                0x0000000008008378       0x72 Middlewares/Third_Party/FreeRTOS/Source/list.o
                0x0000000008008378                vListInsert
 .text.uxListRemove
                0x00000000080083ea       0x54 Middlewares/Third_Party/FreeRTOS/Source/list.o
                0x00000000080083ea                uxListRemove
 .text.xTaskCreateStatic
                0x000000000800843e       0xb4 Middlewares/Third_Party/FreeRTOS/Source/tasks.o
                0x000000000800843e                xTaskCreateStatic
 .text.xTaskCreate
                0x00000000080084f2       0x8a Middlewares/Third_Party/FreeRTOS/Source/tasks.o
                0x00000000080084f2                xTaskCreate
 .text.prvInitialiseNewTask
                0x000000000800857c      0x10c Middlewares/Third_Party/FreeRTOS/Source/tasks.o
 .text.prvAddNewTaskToReadyList
                0x0000000008008688       0xd4 Middlewares/Third_Party/FreeRTOS/Source/tasks.o
 .text.vTaskDelay
                0x000000000800875c       0x68 Middlewares/Third_Party/FreeRTOS/Source/tasks.o
                0x000000000800875c                vTaskDelay
 .text.vTaskStartScheduler
                0x00000000080087c4       0xbc Middlewares/Third_Party/FreeRTOS/Source/tasks.o
                0x00000000080087c4                vTaskStartScheduler
 .text.vTaskSuspendAll
                0x0000000008008880       0x1c Middlewares/Third_Party/FreeRTOS/Source/tasks.o
                0x0000000008008880                vTaskSuspendAll
 .text.xTaskResumeAll
                0x000000000800889c      0x138 Middlewares/Third_Party/FreeRTOS/Source/tasks.o
                0x000000000800889c                xTaskResumeAll
 .text.xTaskIncrementTick
                0x00000000080089d4      0x170 Middlewares/Third_Party/FreeRTOS/Source/tasks.o
                0x00000000080089d4                xTaskIncrementTick
 .text.vTaskSwitchContext
                0x0000000008008b44       0xb4 Middlewares/Third_Party/FreeRTOS/Source/tasks.o
                0x0000000008008b44                vTaskSwitchContext
 .text.prvIdleTask
                0x0000000008008bf8       0x30 Middlewares/Third_Party/FreeRTOS/Source/tasks.o
 .text.prvInitialiseTaskLists
                0x0000000008008c28       0x80 Middlewares/Third_Party/FreeRTOS/Source/tasks.o
 .text.prvCheckTasksWaitingTermination
                0x0000000008008ca8       0x58 Middlewares/Third_Party/FreeRTOS/Source/tasks.o
 .text.prvDeleteTCB
                0x0000000008008d00       0x5c Middlewares/Third_Party/FreeRTOS/Source/tasks.o
 .text.prvResetNextTaskUnblockTime
                0x0000000008008d5c       0x40 Middlewares/Third_Party/FreeRTOS/Source/tasks.o
 .text.prvAddCurrentTaskToDelayedList
                0x0000000008008d9c       0xcc Middlewares/Third_Party/FreeRTOS/Source/tasks.o
 .text.pxPortInitialiseStack
                0x0000000008008e68       0x68 Middlewares/Third_Party/FreeRTOS/Source/portable/GCC/ARM_CM4F/port.o
                0x0000000008008e68                pxPortInitialiseStack
 .text.prvTaskExitError
                0x0000000008008ed0       0x54 Middlewares/Third_Party/FreeRTOS/Source/portable/GCC/ARM_CM4F/port.o
 *fill*         0x0000000008008f24        0xc 
 .text.SVC_Handler
                0x0000000008008f30       0x28 Middlewares/Third_Party/FreeRTOS/Source/portable/GCC/ARM_CM4F/port.o
                0x0000000008008f30                SVC_Handler
 .text.prvPortStartFirstTask
                0x0000000008008f58       0x28 Middlewares/Third_Party/FreeRTOS/Source/portable/GCC/ARM_CM4F/port.o
 .text.xPortStartScheduler
                0x0000000008008f80      0x13c Middlewares/Third_Party/FreeRTOS/Source/portable/GCC/ARM_CM4F/port.o
                0x0000000008008f80                xPortStartScheduler
 .text.vPortEnterCritical
                0x00000000080090bc       0x5c Middlewares/Third_Party/FreeRTOS/Source/portable/GCC/ARM_CM4F/port.o
                0x00000000080090bc                vPortEnterCritical
 .text.vPortExitCritical
                0x0000000008009118       0x50 Middlewares/Third_Party/FreeRTOS/Source/portable/GCC/ARM_CM4F/port.o
                0x0000000008009118                vPortExitCritical
 *fill*         0x0000000008009168        0x8 
 .text.PendSV_Handler
                0x0000000008009170       0x68 Middlewares/Third_Party/FreeRTOS/Source/portable/GCC/ARM_CM4F/port.o
                0x0000000008009170                PendSV_Handler
 .text.SysTick_Handler
                0x00000000080091d8       0x40 Middlewares/Third_Party/FreeRTOS/Source/portable/GCC/ARM_CM4F/port.o
                0x00000000080091d8                SysTick_Handler
 .text.vPortSetupTimerInterrupt
                0x0000000008009218       0x48 Middlewares/Third_Party/FreeRTOS/Source/portable/GCC/ARM_CM4F/port.o
                0x0000000008009218                vPortSetupTimerInterrupt
 .text.vPortEnableVFP
                0x0000000008009260       0x14 Middlewares/Third_Party/FreeRTOS/Source/portable/GCC/ARM_CM4F/port.o
 .text.pvPortMalloc
                0x0000000008009274      0x184 Middlewares/Third_Party/FreeRTOS/Source/portable/MemMang/heap_4.o
                0x0000000008009274                pvPortMalloc
 .text.vPortFree
                0x00000000080093f8       0xb0 Middlewares/Third_Party/FreeRTOS/Source/portable/MemMang/heap_4.o
                0x00000000080093f8                vPortFree
 .text.prvHeapInit
                0x00000000080094a8       0xc4 Middlewares/Third_Party/FreeRTOS/Source/portable/MemMang/heap_4.o
 .text.prvInsertBlockIntoFreeList
                0x000000000800956c       0xb4 Middlewares/Third_Party/FreeRTOS/Source/portable/MemMang/heap_4.o
 .text.__libc_init_array
                0x0000000008009620       0x48 c:/st/stm32cubeide_1.4.0/stm32cubeide/plugins/com.st.stm32cube.ide.mcu.externaltools.gnu-tools-for-stm32.7-2018-q2-update.win32_1.4.0.202007081208/tools/bin/../lib/gcc/arm-none-eabi/7.3.1/../../../../arm-none-eabi/lib/thumb/v7e-m/fpv4-sp/hard\libc_nano.a(lib_a-init.o)
                0x0000000008009620                __libc_init_array
 .text.memcpy   0x0000000008009668       0x16 c:/st/stm32cubeide_1.4.0/stm32cubeide/plugins/com.st.stm32cube.ide.mcu.externaltools.gnu-tools-for-stm32.7-2018-q2-update.win32_1.4.0.202007081208/tools/bin/../lib/gcc/arm-none-eabi/7.3.1/../../../../arm-none-eabi/lib/thumb/v7e-m/fpv4-sp/hard\libc_nano.a(lib_a-memcpy-stub.o)
                0x0000000008009668                memcpy
 .text.memset   0x000000000800967e       0x10 c:/st/stm32cubeide_1.4.0/stm32cubeide/plugins/com.st.stm32cube.ide.mcu.externaltools.gnu-tools-for-stm32.7-2018-q2-update.win32_1.4.0.202007081208/tools/bin/../lib/gcc/arm-none-eabi/7.3.1/../../../../arm-none-eabi/lib/thumb/v7e-m/fpv4-sp/hard\libc_nano.a(lib_a-memset.o)
                0x000000000800967e                memset
 *(.glue_7)
 .glue_7        0x000000000800968e        0x0 linker stubs
 *(.glue_7t)
 .glue_7t       0x000000000800968e        0x0 linker stubs
 *(.eh_frame)
 *fill*         0x000000000800968e        0x2 
 .eh_frame      0x0000000008009690        0x0 c:/st/stm32cubeide_1.4.0/stm32cubeide/plugins/com.st.stm32cube.ide.mcu.externaltools.gnu-tools-for-stm32.7-2018-q2-update.win32_1.4.0.202007081208/tools/bin/../lib/gcc/arm-none-eabi/7.3.1/thumb/v7e-m/fpv4-sp/hard/crtbegin.o
 *(.init)
 .init          0x0000000008009690        0x4 c:/st/stm32cubeide_1.4.0/stm32cubeide/plugins/com.st.stm32cube.ide.mcu.externaltools.gnu-tools-for-stm32.7-2018-q2-update.win32_1.4.0.202007081208/tools/bin/../lib/gcc/arm-none-eabi/7.3.1/thumb/v7e-m/fpv4-sp/hard/crti.o
                0x0000000008009690                _init
 .init          0x0000000008009694        0x8 c:/st/stm32cubeide_1.4.0/stm32cubeide/plugins/com.st.stm32cube.ide.mcu.externaltools.gnu-tools-for-stm32.7-2018-q2-update.win32_1.4.0.202007081208/tools/bin/../lib/gcc/arm-none-eabi/7.3.1/thumb/v7e-m/fpv4-sp/hard/crtn.o
 *(.fini)
 .fini          0x000000000800969c        0x4 c:/st/stm32cubeide_1.4.0/stm32cubeide/plugins/com.st.stm32cube.ide.mcu.externaltools.gnu-tools-for-stm32.7-2018-q2-update.win32_1.4.0.202007081208/tools/bin/../lib/gcc/arm-none-eabi/7.3.1/thumb/v7e-m/fpv4-sp/hard/crti.o
                0x000000000800969c                _fini
 .fini          0x00000000080096a0        0x8 c:/st/stm32cubeide_1.4.0/stm32cubeide/plugins/com.st.stm32cube.ide.mcu.externaltools.gnu-tools-for-stm32.7-2018-q2-update.win32_1.4.0.202007081208/tools/bin/../lib/gcc/arm-none-eabi/7.3.1/thumb/v7e-m/fpv4-sp/hard/crtn.o
                0x00000000080096a8                . = ALIGN (0x4)
                0x00000000080096a8                _etext = .

.vfp11_veneer   0x00000000080096a8        0x0
 .vfp11_veneer  0x00000000080096a8        0x0 linker stubs

.v4_bx          0x00000000080096a8        0x0
 .v4_bx         0x00000000080096a8        0x0 linker stubs

.iplt           0x00000000080096a8        0x0
 .iplt          0x00000000080096a8        0x0 c:/st/stm32cubeide_1.4.0/stm32cubeide/plugins/com.st.stm32cube.ide.mcu.externaltools.gnu-tools-for-stm32.7-2018-q2-update.win32_1.4.0.202007081208/tools/bin/../lib/gcc/arm-none-eabi/7.3.1/thumb/v7e-m/fpv4-sp/hard/crtbegin.o

.rodata         0x00000000080096a8      0x470
                0x00000000080096a8                . = ALIGN (0x4)
 *(.rodata)
 .rodata        0x00000000080096a8      0x1a6 Core/Src/lcd.o
 *fill*         0x000000000800984e        0x2 
 .rodata        0x0000000008009850       0x70 Core/Src/main.o
 .rodata        0x00000000080098c0       0x10 Drivers/STM32L4xx_HAL_Driver/Src/stm32l4xx_hal_uart_ex.o
 .rodata        0x00000000080098d0        0x5 Middlewares/Third_Party/FreeRTOS/Source/tasks.o
 *(.rodata*)
 *fill*         0x00000000080098d5        0x3 
 .rodata.display_font
                0x00000000080098d8      0x1e0 Core/Src/lcd.o
 .rodata.AHBPrescTable
                0x0000000008009ab8       0x10 Core/Src/system_stm32l4xx.o
                0x0000000008009ab8                AHBPrescTable
 .rodata.APBPrescTable
                0x0000000008009ac8        0x8 Core/Src/system_stm32l4xx.o
                0x0000000008009ac8                APBPrescTable
 .rodata.MSIRangeTable
                0x0000000008009ad0       0x30 Core/Src/system_stm32l4xx.o
                0x0000000008009ad0                MSIRangeTable
 .rodata.UARTPrescTable
                0x0000000008009b00       0x18 Drivers/STM32L4xx_HAL_Driver/Src/stm32l4xx_hal_uart.o
                0x0000000008009b00                UARTPrescTable
                0x0000000008009b18                . = ALIGN (0x4)

.ARM.extab      0x0000000008009b18        0x0
                0x0000000008009b18                . = ALIGN (0x4)
 *(.ARM.extab* .gnu.linkonce.armextab.*)
                0x0000000008009b18                . = ALIGN (0x4)

.ARM            0x0000000008009b18        0x8
                0x0000000008009b18                . = ALIGN (0x4)
                0x0000000008009b18                __exidx_start = .
 *(.ARM.exidx*)
 .ARM.exidx     0x0000000008009b18        0x8 c:/st/stm32cubeide_1.4.0/stm32cubeide/plugins/com.st.stm32cube.ide.mcu.externaltools.gnu-tools-for-stm32.7-2018-q2-update.win32_1.4.0.202007081208/tools/bin/../lib/gcc/arm-none-eabi/7.3.1/thumb/v7e-m/fpv4-sp/hard\libgcc.a(_udivmoddi4.o)
                0x0000000008009b20                __exidx_end = .
                0x0000000008009b20                . = ALIGN (0x4)

.rel.dyn        0x0000000008009b20        0x0
 .rel.iplt      0x0000000008009b20        0x0 c:/st/stm32cubeide_1.4.0/stm32cubeide/plugins/com.st.stm32cube.ide.mcu.externaltools.gnu-tools-for-stm32.7-2018-q2-update.win32_1.4.0.202007081208/tools/bin/../lib/gcc/arm-none-eabi/7.3.1/thumb/v7e-m/fpv4-sp/hard/crtbegin.o

.preinit_array  0x0000000008009b20        0x0
                0x0000000008009b20                . = ALIGN (0x4)
                0x0000000008009b20                PROVIDE (__preinit_array_start = .)
 *(.preinit_array*)
                0x0000000008009b20                PROVIDE (__preinit_array_end = .)
                0x0000000008009b20                . = ALIGN (0x4)

.init_array     0x0000000008009b20        0x4
                0x0000000008009b20                . = ALIGN (0x4)
                0x0000000008009b20                PROVIDE (__init_array_start = .)
 *(SORT_BY_NAME(.init_array.*))
 *(.init_array*)
 .init_array    0x0000000008009b20        0x4 c:/st/stm32cubeide_1.4.0/stm32cubeide/plugins/com.st.stm32cube.ide.mcu.externaltools.gnu-tools-for-stm32.7-2018-q2-update.win32_1.4.0.202007081208/tools/bin/../lib/gcc/arm-none-eabi/7.3.1/thumb/v7e-m/fpv4-sp/hard/crtbegin.o
                0x0000000008009b24                PROVIDE (__init_array_end = .)
                0x0000000008009b24                . = ALIGN (0x4)

.fini_array     0x0000000008009b24        0x4
                0x0000000008009b24                . = ALIGN (0x4)
                [!provide]                        PROVIDE (__fini_array_start = .)
 *(SORT_BY_NAME(.fini_array.*))
 *(.fini_array*)
 .fini_array    0x0000000008009b24        0x4 c:/st/stm32cubeide_1.4.0/stm32cubeide/plugins/com.st.stm32cube.ide.mcu.externaltools.gnu-tools-for-stm32.7-2018-q2-update.win32_1.4.0.202007081208/tools/bin/../lib/gcc/arm-none-eabi/7.3.1/thumb/v7e-m/fpv4-sp/hard/crtbegin.o
                [!provide]                        PROVIDE (__fini_array_end = .)
                0x0000000008009b28                . = ALIGN (0x4)
                0x0000000008009b28                _sidata = LOADADDR (.data)

.data           0x0000000020000000       0x10 load address 0x0000000008009b28
                0x0000000020000000                . = ALIGN (0x4)
                0x0000000020000000                _sdata = .
 *(.data)
 *(.data*)
 .data.SystemCoreClock
                0x0000000020000000        0x4 Core/Src/system_stm32l4xx.o
                0x0000000020000000                SystemCoreClock
 .data.uwTickPrio
                0x0000000020000004        0x4 Drivers/STM32L4xx_HAL_Driver/Src/stm32l4xx_hal.o
                0x0000000020000004                uwTickPrio
 .data.uwTickFreq
                0x0000000020000008        0x1 Drivers/STM32L4xx_HAL_Driver/Src/stm32l4xx_hal.o
                0x0000000020000008                uwTickFreq
 *fill*         0x0000000020000009        0x3 
 .data.uxCriticalNesting
                0x000000002000000c        0x4 Middlewares/Third_Party/FreeRTOS/Source/portable/GCC/ARM_CM4F/port.o
                0x0000000020000010                . = ALIGN (0x4)
                0x0000000020000010                _edata = .

.igot.plt       0x0000000020000010        0x0 load address 0x0000000008009b38
 .igot.plt      0x0000000020000010        0x0 c:/st/stm32cubeide_1.4.0/stm32cubeide/plugins/com.st.stm32cube.ide.mcu.externaltools.gnu-tools-for-stm32.7-2018-q2-update.win32_1.4.0.202007081208/tools/bin/../lib/gcc/arm-none-eabi/7.3.1/thumb/v7e-m/fpv4-sp/hard/crtbegin.o
                0x0000000020000010                . = ALIGN (0x4)

.bss            0x0000000020000010     0x17d0 load address 0x0000000008009b38
                0x0000000020000010                _sbss = .
                0x0000000020000010                __bss_start__ = _sbss
 *(.bss)
 .bss           0x0000000020000010       0x1c c:/st/stm32cubeide_1.4.0/stm32cubeide/plugins/com.st.stm32cube.ide.mcu.externaltools.gnu-tools-for-stm32.7-2018-q2-update.win32_1.4.0.202007081208/tools/bin/../lib/gcc/arm-none-eabi/7.3.1/thumb/v7e-m/fpv4-sp/hard/crtbegin.o
 *(.bss*)
 .bss.xIdleTaskTCBBuffer
                0x000000002000002c       0x54 Core/Src/freertos.o
 .bss.xIdleStack
                0x0000000020000080      0x200 Core/Src/freertos.o
 .bss.pxCurrentTCB
                0x0000000020000280        0x4 Middlewares/Third_Party/FreeRTOS/Source/tasks.o
                0x0000000020000280                pxCurrentTCB
 .bss.pxReadyTasksLists
                0x0000000020000284       0x8c Middlewares/Third_Party/FreeRTOS/Source/tasks.o
 .bss.xDelayedTaskList1
                0x0000000020000310       0x14 Middlewares/Third_Party/FreeRTOS/Source/tasks.o
 .bss.xDelayedTaskList2
                0x0000000020000324       0x14 Middlewares/Third_Party/FreeRTOS/Source/tasks.o
 .bss.pxDelayedTaskList
                0x0000000020000338        0x4 Middlewares/Third_Party/FreeRTOS/Source/tasks.o
 .bss.pxOverflowDelayedTaskList
                0x000000002000033c        0x4 Middlewares/Third_Party/FreeRTOS/Source/tasks.o
 .bss.xPendingReadyList
                0x0000000020000340       0x14 Middlewares/Third_Party/FreeRTOS/Source/tasks.o
 .bss.xTasksWaitingTermination
                0x0000000020000354       0x14 Middlewares/Third_Party/FreeRTOS/Source/tasks.o
 .bss.uxDeletedTasksWaitingCleanUp
                0x0000000020000368        0x4 Middlewares/Third_Party/FreeRTOS/Source/tasks.o
 .bss.xSuspendedTaskList
                0x000000002000036c       0x14 Middlewares/Third_Party/FreeRTOS/Source/tasks.o
 .bss.uxCurrentNumberOfTasks
                0x0000000020000380        0x4 Middlewares/Third_Party/FreeRTOS/Source/tasks.o
 .bss.xTickCount
                0x0000000020000384        0x4 Middlewares/Third_Party/FreeRTOS/Source/tasks.o
 .bss.uxTopReadyPriority
                0x0000000020000388        0x4 Middlewares/Third_Party/FreeRTOS/Source/tasks.o
 .bss.xSchedulerRunning
                0x000000002000038c        0x4 Middlewares/Third_Party/FreeRTOS/Source/tasks.o
 .bss.uxPendedTicks
                0x0000000020000390        0x4 Middlewares/Third_Party/FreeRTOS/Source/tasks.o
 .bss.xYieldPending
                0x0000000020000394        0x4 Middlewares/Third_Party/FreeRTOS/Source/tasks.o
 .bss.xNumOfOverflows
                0x0000000020000398        0x4 Middlewares/Third_Party/FreeRTOS/Source/tasks.o
 .bss.uxTaskNumber
                0x000000002000039c        0x4 Middlewares/Third_Party/FreeRTOS/Source/tasks.o
 .bss.xNextTaskUnblockTime
                0x00000000200003a0        0x4 Middlewares/Third_Party/FreeRTOS/Source/tasks.o
 .bss.xIdleTaskHandle
                0x00000000200003a4        0x4 Middlewares/Third_Party/FreeRTOS/Source/tasks.o
 .bss.uxSchedulerSuspended
                0x00000000200003a8        0x4 Middlewares/Third_Party/FreeRTOS/Source/tasks.o
 .bss.ucMaxSysCallPriority
                0x00000000200003ac        0x1 Middlewares/Third_Party/FreeRTOS/Source/portable/GCC/ARM_CM4F/port.o
 *fill*         0x00000000200003ad        0x3 
 .bss.ulMaxPRIGROUPValue
                0x00000000200003b0        0x4 Middlewares/Third_Party/FreeRTOS/Source/portable/GCC/ARM_CM4F/port.o
 .bss.ucHeap    0x00000000200003b4      0xbb8 Middlewares/Third_Party/FreeRTOS/Source/portable/MemMang/heap_4.o
 .bss.xStart    0x0000000020000f6c        0x8 Middlewares/Third_Party/FreeRTOS/Source/portable/MemMang/heap_4.o
 .bss.pxEnd     0x0000000020000f74        0x4 Middlewares/Third_Party/FreeRTOS/Source/portable/MemMang/heap_4.o
 .bss.xFreeBytesRemaining
                0x0000000020000f78        0x4 Middlewares/Third_Party/FreeRTOS/Source/portable/MemMang/heap_4.o
 .bss.xMinimumEverFreeBytesRemaining
                0x0000000020000f7c        0x4 Middlewares/Third_Party/FreeRTOS/Source/portable/MemMang/heap_4.o
 .bss.xBlockAllocatedBit
                0x0000000020000f80        0x4 Middlewares/Third_Party/FreeRTOS/Source/portable/MemMang/heap_4.o
 *(COMMON)
 *fill*         0x0000000020000f84        0x4 
 COMMON         0x0000000020000f88       0x50 Core/Src/hcSensor.o
                0x0000000020000f88                distanceCenter
                0x0000000020000f90                waitOnFallingEdge
                0x0000000020000f98                distance
                0x0000000020000fa0                distanceLeft
                0x0000000020000fa8                valueFallingEdge
                0x0000000020000fb0                valueRisingEdge
                0x0000000020000fb8                distanceRight
                0x0000000020000fc0                measureTime
                0x0000000020000fc8                ready
                0x0000000020000fd0                cntTics
 COMMON         0x0000000020000fd8        0x4 Core/Src/lcd.o
                0x0000000020000fd8                j
                0x0000000020000fd9                col
                0x0000000020000fda                dotOrNot
                0x0000000020000fdb                row
 *fill*         0x0000000020000fdc        0x4 
 COMMON         0x0000000020000fe0      0x7b0 Core/Src/main.o
                0x0000000020000fe0                mesRight
                0x0000000020000fe8                HC_SR04Handle
                0x0000000020000fec                lcd
                0x0000000020001054                buzzerCheck
                0x0000000020001055                choseSensor
                0x0000000020001058                huart3
                0x00000000200010e4                hpcd_USB_OTG_FS
                0x00000000200014f0                mesCenter
                0x00000000200014f8                htim3
                0x0000000020001544                hlpuart1
                0x00000000200015d0                huart1
                0x0000000020001660                tmp_mesLeft
                0x0000000020001668                tmp_mesCenter
                0x0000000020001670                begin
                0x0000000020001674                htim1
                0x00000000200016c0                mesLeft
                0x00000000200016c8                hspi1
                0x000000002000172c                BuzzerHandle
                0x0000000020001730                htim7
                0x000000002000177c                buzzerValue
                0x0000000020001780                LCD_buzzerHandle
                0x0000000020001788                tmp_mesRight
 COMMON         0x0000000020001790       0x4c Core/Src/stm32l4xx_hal_timebase_tim.o
                0x0000000020001790                htim6
 COMMON         0x00000000200017dc        0x4 Drivers/STM32L4xx_HAL_Driver/Src/stm32l4xx_hal.o
                0x00000000200017dc                uwTick
                0x00000000200017e0                . = ALIGN (0x4)
                0x00000000200017e0                _ebss = .
                0x00000000200017e0                __bss_end__ = _ebss

._user_heap_stack
                0x00000000200017e0      0x600 load address 0x0000000008009b38
                0x00000000200017e0                . = ALIGN (0x8)
                [!provide]                        PROVIDE (end = .)
                0x00000000200017e0                PROVIDE (_end = .)
                0x00000000200019e0                . = (. + _Min_Heap_Size)
 *fill*         0x00000000200017e0      0x200 
                0x0000000020001de0                . = (. + _Min_Stack_Size)
 *fill*         0x00000000200019e0      0x400 
                0x0000000020001de0                . = ALIGN (0x8)

/DISCARD/
 libc.a(*)
 libm.a(*)
 libgcc.a(*)

.ARM.attributes
                0x0000000000000000       0x30
 *(.ARM.attributes)
 .ARM.attributes
                0x0000000000000000       0x22 c:/st/stm32cubeide_1.4.0/stm32cubeide/plugins/com.st.stm32cube.ide.mcu.externaltools.gnu-tools-for-stm32.7-2018-q2-update.win32_1.4.0.202007081208/tools/bin/../lib/gcc/arm-none-eabi/7.3.1/thumb/v7e-m/fpv4-sp/hard/crti.o
 .ARM.attributes
                0x0000000000000022       0x34 c:/st/stm32cubeide_1.4.0/stm32cubeide/plugins/com.st.stm32cube.ide.mcu.externaltools.gnu-tools-for-stm32.7-2018-q2-update.win32_1.4.0.202007081208/tools/bin/../lib/gcc/arm-none-eabi/7.3.1/thumb/v7e-m/fpv4-sp/hard/crtbegin.o
 .ARM.attributes
                0x0000000000000056       0x39 Core/Src/freertos.o
 .ARM.attributes
                0x000000000000008f       0x39 Core/Src/hcSensor.o
 .ARM.attributes
                0x00000000000000c8       0x39 Core/Src/lcd.o
 .ARM.attributes
                0x0000000000000101       0x39 Core/Src/main.o
 .ARM.attributes
                0x000000000000013a       0x39 Core/Src/stm32l4xx_hal_msp.o
 .ARM.attributes
                0x0000000000000173       0x39 Core/Src/stm32l4xx_hal_timebase_tim.o
 .ARM.attributes
                0x00000000000001ac       0x39 Core/Src/stm32l4xx_it.o
 .ARM.attributes
                0x00000000000001e5       0x39 Core/Src/system_stm32l4xx.o
 .ARM.attributes
                0x000000000000021e       0x21 Core/Startup/startup_stm32l4r5zitx.o
 .ARM.attributes
                0x000000000000023f       0x39 Drivers/STM32L4xx_HAL_Driver/Src/stm32l4xx_hal.o
 .ARM.attributes
                0x0000000000000278       0x39 Drivers/STM32L4xx_HAL_Driver/Src/stm32l4xx_hal_cortex.o
 .ARM.attributes
                0x00000000000002b1       0x39 Drivers/STM32L4xx_HAL_Driver/Src/stm32l4xx_hal_gpio.o
 .ARM.attributes
                0x00000000000002ea       0x39 Drivers/STM32L4xx_HAL_Driver/Src/stm32l4xx_hal_pcd.o
 .ARM.attributes
                0x0000000000000323       0x39 Drivers/STM32L4xx_HAL_Driver/Src/stm32l4xx_hal_pcd_ex.o
 .ARM.attributes
                0x000000000000035c       0x39 Drivers/STM32L4xx_HAL_Driver/Src/stm32l4xx_hal_pwr_ex.o
 .ARM.attributes
                0x0000000000000395       0x39 Drivers/STM32L4xx_HAL_Driver/Src/stm32l4xx_hal_rcc.o
 .ARM.attributes
                0x00000000000003ce       0x39 Drivers/STM32L4xx_HAL_Driver/Src/stm32l4xx_hal_rcc_ex.o
 .ARM.attributes
                0x0000000000000407       0x39 Drivers/STM32L4xx_HAL_Driver/Src/stm32l4xx_hal_spi.o
 .ARM.attributes
                0x0000000000000440       0x39 Drivers/STM32L4xx_HAL_Driver/Src/stm32l4xx_hal_tim.o
 .ARM.attributes
                0x0000000000000479       0x39 Drivers/STM32L4xx_HAL_Driver/Src/stm32l4xx_hal_tim_ex.o
 .ARM.attributes
                0x00000000000004b2       0x39 Drivers/STM32L4xx_HAL_Driver/Src/stm32l4xx_hal_uart.o
 .ARM.attributes
                0x00000000000004eb       0x39 Drivers/STM32L4xx_HAL_Driver/Src/stm32l4xx_hal_uart_ex.o
 .ARM.attributes
                0x0000000000000524       0x39 Drivers/STM32L4xx_HAL_Driver/Src/stm32l4xx_ll_usb.o
 .ARM.attributes
                0x000000000000055d       0x39 Middlewares/Third_Party/FreeRTOS/Source/CMSIS_RTOS/cmsis_os.o
 .ARM.attributes
                0x0000000000000596       0x39 Middlewares/Third_Party/FreeRTOS/Source/list.o
 .ARM.attributes
                0x00000000000005cf       0x39 Middlewares/Third_Party/FreeRTOS/Source/tasks.o
 .ARM.attributes
                0x0000000000000608       0x39 Middlewares/Third_Party/FreeRTOS/Source/portable/GCC/ARM_CM4F/port.o
 .ARM.attributes
                0x0000000000000641       0x39 Middlewares/Third_Party/FreeRTOS/Source/portable/MemMang/heap_4.o
 .ARM.attributes
                0x000000000000067a       0x34 c:/st/stm32cubeide_1.4.0/stm32cubeide/plugins/com.st.stm32cube.ide.mcu.externaltools.gnu-tools-for-stm32.7-2018-q2-update.win32_1.4.0.202007081208/tools/bin/../lib/gcc/arm-none-eabi/7.3.1/../../../../arm-none-eabi/lib/thumb/v7e-m/fpv4-sp/hard\libc_nano.a(lib_a-init.o)
 .ARM.attributes
                0x00000000000006ae       0x34 c:/st/stm32cubeide_1.4.0/stm32cubeide/plugins/com.st.stm32cube.ide.mcu.externaltools.gnu-tools-for-stm32.7-2018-q2-update.win32_1.4.0.202007081208/tools/bin/../lib/gcc/arm-none-eabi/7.3.1/../../../../arm-none-eabi/lib/thumb/v7e-m/fpv4-sp/hard\libc_nano.a(lib_a-memcpy-stub.o)
 .ARM.attributes
                0x00000000000006e2       0x34 c:/st/stm32cubeide_1.4.0/stm32cubeide/plugins/com.st.stm32cube.ide.mcu.externaltools.gnu-tools-for-stm32.7-2018-q2-update.win32_1.4.0.202007081208/tools/bin/../lib/gcc/arm-none-eabi/7.3.1/../../../../arm-none-eabi/lib/thumb/v7e-m/fpv4-sp/hard\libc_nano.a(lib_a-memset.o)
 .ARM.attributes
                0x0000000000000716       0x1b c:/st/stm32cubeide_1.4.0/stm32cubeide/plugins/com.st.stm32cube.ide.mcu.externaltools.gnu-tools-for-stm32.7-2018-q2-update.win32_1.4.0.202007081208/tools/bin/../lib/gcc/arm-none-eabi/7.3.1/../../../../arm-none-eabi/lib/thumb/v7e-m/fpv4-sp/hard\libc_nano.a(lib_a-strlen.o)
 .ARM.attributes
                0x0000000000000731       0x22 c:/st/stm32cubeide_1.4.0/stm32cubeide/plugins/com.st.stm32cube.ide.mcu.externaltools.gnu-tools-for-stm32.7-2018-q2-update.win32_1.4.0.202007081208/tools/bin/../lib/gcc/arm-none-eabi/7.3.1/thumb/v7e-m/fpv4-sp/hard\libgcc.a(_arm_addsubdf3.o)
 .ARM.attributes
                0x0000000000000753       0x22 c:/st/stm32cubeide_1.4.0/stm32cubeide/plugins/com.st.stm32cube.ide.mcu.externaltools.gnu-tools-for-stm32.7-2018-q2-update.win32_1.4.0.202007081208/tools/bin/../lib/gcc/arm-none-eabi/7.3.1/thumb/v7e-m/fpv4-sp/hard\libgcc.a(_arm_muldivdf3.o)
 .ARM.attributes
                0x0000000000000775       0x22 c:/st/stm32cubeide_1.4.0/stm32cubeide/plugins/com.st.stm32cube.ide.mcu.externaltools.gnu-tools-for-stm32.7-2018-q2-update.win32_1.4.0.202007081208/tools/bin/../lib/gcc/arm-none-eabi/7.3.1/thumb/v7e-m/fpv4-sp/hard\libgcc.a(_arm_addsubsf3.o)
 .ARM.attributes
                0x0000000000000797       0x22 c:/st/stm32cubeide_1.4.0/stm32cubeide/plugins/com.st.stm32cube.ide.mcu.externaltools.gnu-tools-for-stm32.7-2018-q2-update.win32_1.4.0.202007081208/tools/bin/../lib/gcc/arm-none-eabi/7.3.1/thumb/v7e-m/fpv4-sp/hard\libgcc.a(_aeabi_uldivmod.o)
 .ARM.attributes
                0x00000000000007b9       0x34 c:/st/stm32cubeide_1.4.0/stm32cubeide/plugins/com.st.stm32cube.ide.mcu.externaltools.gnu-tools-for-stm32.7-2018-q2-update.win32_1.4.0.202007081208/tools/bin/../lib/gcc/arm-none-eabi/7.3.1/thumb/v7e-m/fpv4-sp/hard\libgcc.a(_fixunsdfdi.o)
 .ARM.attributes
                0x00000000000007ed       0x34 c:/st/stm32cubeide_1.4.0/stm32cubeide/plugins/com.st.stm32cube.ide.mcu.externaltools.gnu-tools-for-stm32.7-2018-q2-update.win32_1.4.0.202007081208/tools/bin/../lib/gcc/arm-none-eabi/7.3.1/thumb/v7e-m/fpv4-sp/hard\libgcc.a(_udivmoddi4.o)
 .ARM.attributes
                0x0000000000000821       0x22 c:/st/stm32cubeide_1.4.0/stm32cubeide/plugins/com.st.stm32cube.ide.mcu.externaltools.gnu-tools-for-stm32.7-2018-q2-update.win32_1.4.0.202007081208/tools/bin/../lib/gcc/arm-none-eabi/7.3.1/thumb/v7e-m/fpv4-sp/hard\libgcc.a(_dvmd_tls.o)
 .ARM.attributes
                0x0000000000000843       0x22 c:/st/stm32cubeide_1.4.0/stm32cubeide/plugins/com.st.stm32cube.ide.mcu.externaltools.gnu-tools-for-stm32.7-2018-q2-update.win32_1.4.0.202007081208/tools/bin/../lib/gcc/arm-none-eabi/7.3.1/thumb/v7e-m/fpv4-sp/hard\libgcc.a(_arm_fixunsdfsi.o)
 .ARM.attributes
                0x0000000000000865       0x22 c:/st/stm32cubeide_1.4.0/stm32cubeide/plugins/com.st.stm32cube.ide.mcu.externaltools.gnu-tools-for-stm32.7-2018-q2-update.win32_1.4.0.202007081208/tools/bin/../lib/gcc/arm-none-eabi/7.3.1/thumb/v7e-m/fpv4-sp/hard/crtn.o
OUTPUT(HC_SR04_timery.elf elf32-littlearm)

.debug_info     0x0000000000000000    0x2062a
 .debug_info    0x0000000000000000      0xb3a Core/Src/freertos.o
 .debug_info    0x0000000000000b3a      0xc49 Core/Src/hcSensor.o
 .debug_info    0x0000000000001783     0x1706 Core/Src/lcd.o
 .debug_info    0x0000000000002e89     0x2bbe Core/Src/main.o
 .debug_info    0x0000000000005a47     0x1cbd Core/Src/stm32l4xx_hal_msp.o
 .debug_info    0x0000000000007704      0xeff Core/Src/stm32l4xx_hal_timebase_tim.o
 .debug_info    0x0000000000008603      0xa12 Core/Src/stm32l4xx_it.o
 .debug_info    0x0000000000009015      0x797 Core/Src/system_stm32l4xx.o
 .debug_info    0x00000000000097ac       0x22 Core/Startup/startup_stm32l4r5zitx.o
 .debug_info    0x00000000000097ce      0xcb5 Drivers/STM32L4xx_HAL_Driver/Src/stm32l4xx_hal.o
 .debug_info    0x000000000000a483      0xfc1 Drivers/STM32L4xx_HAL_Driver/Src/stm32l4xx_hal_cortex.o
 .debug_info    0x000000000000b444      0xa1c Drivers/STM32L4xx_HAL_Driver/Src/stm32l4xx_hal_gpio.o
 .debug_info    0x000000000000be60     0x12e7 Drivers/STM32L4xx_HAL_Driver/Src/stm32l4xx_hal_pcd.o
 .debug_info    0x000000000000d147      0xa2c Drivers/STM32L4xx_HAL_Driver/Src/stm32l4xx_hal_pcd_ex.o
 .debug_info    0x000000000000db73      0xbfd Drivers/STM32L4xx_HAL_Driver/Src/stm32l4xx_hal_pwr_ex.o
 .debug_info    0x000000000000e770      0xe70 Drivers/STM32L4xx_HAL_Driver/Src/stm32l4xx_hal_rcc.o
 .debug_info    0x000000000000f5e0     0x1293 Drivers/STM32L4xx_HAL_Driver/Src/stm32l4xx_hal_rcc_ex.o
 .debug_info    0x0000000000010873     0x18b9 Drivers/STM32L4xx_HAL_Driver/Src/stm32l4xx_hal_spi.o
 .debug_info    0x000000000001212c     0x2b8d Drivers/STM32L4xx_HAL_Driver/Src/stm32l4xx_hal_tim.o
 .debug_info    0x0000000000014cb9     0x17aa Drivers/STM32L4xx_HAL_Driver/Src/stm32l4xx_hal_tim_ex.o
 .debug_info    0x0000000000016463     0x1b35 Drivers/STM32L4xx_HAL_Driver/Src/stm32l4xx_hal_uart.o
 .debug_info    0x0000000000017f98      0xd2a Drivers/STM32L4xx_HAL_Driver/Src/stm32l4xx_hal_uart_ex.o
 .debug_info    0x0000000000018cc2     0x1a6c Drivers/STM32L4xx_HAL_Driver/Src/stm32l4xx_ll_usb.o
 .debug_info    0x000000000001a72e     0x1e80 Middlewares/Third_Party/FreeRTOS/Source/CMSIS_RTOS/cmsis_os.o
 .debug_info    0x000000000001c5ae      0xacb Middlewares/Third_Party/FreeRTOS/Source/list.o
 .debug_info    0x000000000001d079     0x2494 Middlewares/Third_Party/FreeRTOS/Source/tasks.o
 .debug_info    0x000000000001f50d      0x533 Middlewares/Third_Party/FreeRTOS/Source/portable/GCC/ARM_CM4F/port.o
 .debug_info    0x000000000001fa40      0xbea Middlewares/Third_Party/FreeRTOS/Source/portable/MemMang/heap_4.o

.debug_abbrev   0x0000000000000000     0x3afa
 .debug_abbrev  0x0000000000000000      0x171 Core/Src/freertos.o
 .debug_abbrev  0x0000000000000171      0x1f3 Core/Src/hcSensor.o
 .debug_abbrev  0x0000000000000364      0x260 Core/Src/lcd.o
 .debug_abbrev  0x00000000000005c4      0x2d6 Core/Src/main.o
 .debug_abbrev  0x000000000000089a      0x230 Core/Src/stm32l4xx_hal_msp.o
 .debug_abbrev  0x0000000000000aca      0x19d Core/Src/stm32l4xx_hal_timebase_tim.o
 .debug_abbrev  0x0000000000000c67      0x15a Core/Src/stm32l4xx_it.o
 .debug_abbrev  0x0000000000000dc1      0x150 Core/Src/system_stm32l4xx.o
 .debug_abbrev  0x0000000000000f11       0x12 Core/Startup/startup_stm32l4r5zitx.o
 .debug_abbrev  0x0000000000000f23      0x1fb Drivers/STM32L4xx_HAL_Driver/Src/stm32l4xx_hal.o
 .debug_abbrev  0x000000000000111e      0x2fa Drivers/STM32L4xx_HAL_Driver/Src/stm32l4xx_hal_cortex.o
 .debug_abbrev  0x0000000000001418      0x1c0 Drivers/STM32L4xx_HAL_Driver/Src/stm32l4xx_hal_gpio.o
 .debug_abbrev  0x00000000000015d8      0x266 Drivers/STM32L4xx_HAL_Driver/Src/stm32l4xx_hal_pcd.o
 .debug_abbrev  0x000000000000183e      0x214 Drivers/STM32L4xx_HAL_Driver/Src/stm32l4xx_hal_pcd_ex.o
 .debug_abbrev  0x0000000000001a52      0x1cb Drivers/STM32L4xx_HAL_Driver/Src/stm32l4xx_hal_pwr_ex.o
 .debug_abbrev  0x0000000000001c1d      0x27b Drivers/STM32L4xx_HAL_Driver/Src/stm32l4xx_hal_rcc.o
 .debug_abbrev  0x0000000000001e98      0x238 Drivers/STM32L4xx_HAL_Driver/Src/stm32l4xx_hal_rcc_ex.o
 .debug_abbrev  0x00000000000020d0      0x228 Drivers/STM32L4xx_HAL_Driver/Src/stm32l4xx_hal_spi.o
 .debug_abbrev  0x00000000000022f8      0x230 Drivers/STM32L4xx_HAL_Driver/Src/stm32l4xx_hal_tim.o
 .debug_abbrev  0x0000000000002528      0x236 Drivers/STM32L4xx_HAL_Driver/Src/stm32l4xx_hal_tim_ex.o
 .debug_abbrev  0x000000000000275e      0x212 Drivers/STM32L4xx_HAL_Driver/Src/stm32l4xx_hal_uart.o
 .debug_abbrev  0x0000000000002970      0x1e2 Drivers/STM32L4xx_HAL_Driver/Src/stm32l4xx_hal_uart_ex.o
 .debug_abbrev  0x0000000000002b52      0x26d Drivers/STM32L4xx_HAL_Driver/Src/stm32l4xx_ll_usb.o
 .debug_abbrev  0x0000000000002dbf      0x386 Middlewares/Third_Party/FreeRTOS/Source/CMSIS_RTOS/cmsis_os.o
 .debug_abbrev  0x0000000000003145      0x1cf Middlewares/Third_Party/FreeRTOS/Source/list.o
 .debug_abbrev  0x0000000000003314      0x338 Middlewares/Third_Party/FreeRTOS/Source/tasks.o
 .debug_abbrev  0x000000000000364c      0x210 Middlewares/Third_Party/FreeRTOS/Source/portable/GCC/ARM_CM4F/port.o
 .debug_abbrev  0x000000000000385c      0x29e Middlewares/Third_Party/FreeRTOS/Source/portable/MemMang/heap_4.o

.debug_aranges  0x0000000000000000     0x1a70
 .debug_aranges
                0x0000000000000000       0x20 Core/Src/freertos.o
 .debug_aranges
                0x0000000000000020       0x60 Core/Src/hcSensor.o
 .debug_aranges
                0x0000000000000080       0xb8 Core/Src/lcd.o
 .debug_aranges
                0x0000000000000138       0x90 Core/Src/main.o
 .debug_aranges
                0x00000000000001c8       0x78 Core/Src/stm32l4xx_hal_msp.o
 .debug_aranges
                0x0000000000000240       0x30 Core/Src/stm32l4xx_hal_timebase_tim.o
 .debug_aranges
                0x0000000000000270       0x58 Core/Src/stm32l4xx_it.o
 .debug_aranges
                0x00000000000002c8       0x28 Core/Src/system_stm32l4xx.o
 .debug_aranges
                0x00000000000002f0       0x28 Core/Startup/startup_stm32l4r5zitx.o
 .debug_aranges
                0x0000000000000318      0x130 Drivers/STM32L4xx_HAL_Driver/Src/stm32l4xx_hal.o
 .debug_aranges
                0x0000000000000448      0x118 Drivers/STM32L4xx_HAL_Driver/Src/stm32l4xx_hal_cortex.o
 .debug_aranges
                0x0000000000000560       0x58 Drivers/STM32L4xx_HAL_Driver/Src/stm32l4xx_hal_gpio.o
 .debug_aranges
                0x00000000000005b8      0x130 Drivers/STM32L4xx_HAL_Driver/Src/stm32l4xx_hal_pcd.o
 .debug_aranges
                0x00000000000006e8       0x60 Drivers/STM32L4xx_HAL_Driver/Src/stm32l4xx_hal_pcd_ex.o
 .debug_aranges
                0x0000000000000748      0x170 Drivers/STM32L4xx_HAL_Driver/Src/stm32l4xx_hal_pwr_ex.o
 .debug_aranges
                0x00000000000008b8       0x90 Drivers/STM32L4xx_HAL_Driver/Src/stm32l4xx_hal_rcc.o
 .debug_aranges
                0x0000000000000948      0x110 Drivers/STM32L4xx_HAL_Driver/Src/stm32l4xx_hal_rcc_ex.o
 .debug_aranges
                0x0000000000000a58      0x1d8 Drivers/STM32L4xx_HAL_Driver/Src/stm32l4xx_hal_spi.o
 .debug_aranges
                0x0000000000000c30      0x3e0 Drivers/STM32L4xx_HAL_Driver/Src/stm32l4xx_hal_tim.o
 .debug_aranges
                0x0000000000001010      0x180 Drivers/STM32L4xx_HAL_Driver/Src/stm32l4xx_hal_tim_ex.o
 .debug_aranges
                0x0000000000001190      0x230 Drivers/STM32L4xx_HAL_Driver/Src/stm32l4xx_hal_uart.o
 .debug_aranges
                0x00000000000013c0       0x88 Drivers/STM32L4xx_HAL_Driver/Src/stm32l4xx_hal_uart_ex.o
 .debug_aranges
                0x0000000000001448      0x198 Drivers/STM32L4xx_HAL_Driver/Src/stm32l4xx_ll_usb.o
 .debug_aranges
                0x00000000000015e0      0x1d8 Middlewares/Third_Party/FreeRTOS/Source/CMSIS_RTOS/cmsis_os.o
 .debug_aranges
                0x00000000000017b8       0x40 Middlewares/Third_Party/FreeRTOS/Source/list.o
 .debug_aranges
                0x00000000000017f8      0x1a8 Middlewares/Third_Party/FreeRTOS/Source/tasks.o
 .debug_aranges
                0x00000000000019a0       0x80 Middlewares/Third_Party/FreeRTOS/Source/portable/GCC/ARM_CM4F/port.o
 .debug_aranges
                0x0000000000001a20       0x50 Middlewares/Third_Party/FreeRTOS/Source/portable/MemMang/heap_4.o

.debug_ranges   0x0000000000000000     0x18b8
 .debug_ranges  0x0000000000000000       0x10 Core/Src/freertos.o
 .debug_ranges  0x0000000000000010       0x50 Core/Src/hcSensor.o
 .debug_ranges  0x0000000000000060       0xa8 Core/Src/lcd.o
 .debug_ranges  0x0000000000000108       0x80 Core/Src/main.o
 .debug_ranges  0x0000000000000188       0x68 Core/Src/stm32l4xx_hal_msp.o
 .debug_ranges  0x00000000000001f0       0x20 Core/Src/stm32l4xx_hal_timebase_tim.o
 .debug_ranges  0x0000000000000210       0x48 Core/Src/stm32l4xx_it.o
 .debug_ranges  0x0000000000000258       0x18 Core/Src/system_stm32l4xx.o
 .debug_ranges  0x0000000000000270       0x20 Core/Startup/startup_stm32l4r5zitx.o
 .debug_ranges  0x0000000000000290      0x120 Drivers/STM32L4xx_HAL_Driver/Src/stm32l4xx_hal.o
 .debug_ranges  0x00000000000003b0      0x108 Drivers/STM32L4xx_HAL_Driver/Src/stm32l4xx_hal_cortex.o
 .debug_ranges  0x00000000000004b8       0x48 Drivers/STM32L4xx_HAL_Driver/Src/stm32l4xx_hal_gpio.o
 .debug_ranges  0x0000000000000500      0x120 Drivers/STM32L4xx_HAL_Driver/Src/stm32l4xx_hal_pcd.o
 .debug_ranges  0x0000000000000620       0x50 Drivers/STM32L4xx_HAL_Driver/Src/stm32l4xx_hal_pcd_ex.o
 .debug_ranges  0x0000000000000670      0x160 Drivers/STM32L4xx_HAL_Driver/Src/stm32l4xx_hal_pwr_ex.o
 .debug_ranges  0x00000000000007d0       0x80 Drivers/STM32L4xx_HAL_Driver/Src/stm32l4xx_hal_rcc.o
 .debug_ranges  0x0000000000000850      0x100 Drivers/STM32L4xx_HAL_Driver/Src/stm32l4xx_hal_rcc_ex.o
 .debug_ranges  0x0000000000000950      0x1c8 Drivers/STM32L4xx_HAL_Driver/Src/stm32l4xx_hal_spi.o
 .debug_ranges  0x0000000000000b18      0x3d0 Drivers/STM32L4xx_HAL_Driver/Src/stm32l4xx_hal_tim.o
 .debug_ranges  0x0000000000000ee8      0x170 Drivers/STM32L4xx_HAL_Driver/Src/stm32l4xx_hal_tim_ex.o
 .debug_ranges  0x0000000000001058      0x220 Drivers/STM32L4xx_HAL_Driver/Src/stm32l4xx_hal_uart.o
 .debug_ranges  0x0000000000001278       0x78 Drivers/STM32L4xx_HAL_Driver/Src/stm32l4xx_hal_uart_ex.o
 .debug_ranges  0x00000000000012f0      0x188 Drivers/STM32L4xx_HAL_Driver/Src/stm32l4xx_ll_usb.o
 .debug_ranges  0x0000000000001478      0x1c8 Middlewares/Third_Party/FreeRTOS/Source/CMSIS_RTOS/cmsis_os.o
 .debug_ranges  0x0000000000001640       0x30 Middlewares/Third_Party/FreeRTOS/Source/list.o
 .debug_ranges  0x0000000000001670      0x198 Middlewares/Third_Party/FreeRTOS/Source/tasks.o
 .debug_ranges  0x0000000000001808       0x70 Middlewares/Third_Party/FreeRTOS/Source/portable/GCC/ARM_CM4F/port.o
 .debug_ranges  0x0000000000001878       0x40 Middlewares/Third_Party/FreeRTOS/Source/portable/MemMang/heap_4.o

.debug_macro    0x0000000000000000    0x2db6c
 .debug_macro   0x0000000000000000      0x297 Core/Src/freertos.o
 .debug_macro   0x0000000000000297      0xa5a Core/Src/freertos.o
 .debug_macro   0x0000000000000cf1      0x174 Core/Src/freertos.o
 .debug_macro   0x0000000000000e65       0x22 Core/Src/freertos.o
 .debug_macro   0x0000000000000e87       0x8e Core/Src/freertos.o
 .debug_macro   0x0000000000000f15       0x51 Core/Src/freertos.o
 .debug_macro   0x0000000000000f66       0xef Core/Src/freertos.o
 .debug_macro   0x0000000000001055       0x6a Core/Src/freertos.o
 .debug_macro   0x00000000000010bf      0x1df Core/Src/freertos.o
 .debug_macro   0x000000000000129e       0xea Core/Src/freertos.o
 .debug_macro   0x0000000000001388      0x15a Core/Src/freertos.o
 .debug_macro   0x00000000000014e2       0xde Core/Src/freertos.o
 .debug_macro   0x00000000000015c0       0x1c Core/Src/freertos.o
 .debug_macro   0x00000000000015dc       0x26 Core/Src/freertos.o
 .debug_macro   0x0000000000001602      0x4e8 Core/Src/freertos.o
 .debug_macro   0x0000000000001aea       0xb5 Core/Src/freertos.o
 .debug_macro   0x0000000000001b9f       0xaa Core/Src/freertos.o
 .debug_macro   0x0000000000001c49      0x1b9 Core/Src/freertos.o
 .debug_macro   0x0000000000001e02       0x2e Core/Src/freertos.o
 .debug_macro   0x0000000000001e30       0x28 Core/Src/freertos.o
 .debug_macro   0x0000000000001e58       0x1c Core/Src/freertos.o
 .debug_macro   0x0000000000001e74       0x22 Core/Src/freertos.o
 .debug_macro   0x0000000000001e96      0x101 Core/Src/freertos.o
 .debug_macro   0x0000000000001f97     0x1011 Core/Src/freertos.o
 .debug_macro   0x0000000000002fa8      0x11f Core/Src/freertos.o
 .debug_macro   0x00000000000030c7    0x1cb6c Core/Src/freertos.o
 .debug_macro   0x000000000001fc33       0x43 Core/Src/freertos.o
 .debug_macro   0x000000000001fc76     0x3897 Core/Src/freertos.o
 .debug_macro   0x000000000002350d       0x5c Core/Src/freertos.o
 .debug_macro   0x0000000000023569     0x1845 Core/Src/freertos.o
 .debug_macro   0x0000000000024dae      0x7d5 Core/Src/freertos.o
 .debug_macro   0x0000000000025583      0x13d Core/Src/freertos.o
 .debug_macro   0x00000000000256c0      0x225 Core/Src/freertos.o
 .debug_macro   0x00000000000258e5      0x486 Core/Src/freertos.o
 .debug_macro   0x0000000000025d6b      0x1cf Core/Src/freertos.o
 .debug_macro   0x0000000000025f3a       0x43 Core/Src/freertos.o
 .debug_macro   0x0000000000025f7d      0x23d Core/Src/freertos.o
 .debug_macro   0x00000000000261ba      0x241 Core/Src/freertos.o
 .debug_macro   0x00000000000263fb      0x416 Core/Src/freertos.o
 .debug_macro   0x0000000000026811       0x1c Core/Src/freertos.o
 .debug_macro   0x000000000002682d       0xf2 Core/Src/freertos.o
 .debug_macro   0x000000000002691f      0x22c Core/Src/freertos.o
 .debug_macro   0x0000000000026b4b       0x61 Core/Src/freertos.o
 .debug_macro   0x0000000000026bac       0xa5 Core/Src/freertos.o
 .debug_macro   0x0000000000026c51      0x1ed Core/Src/freertos.o
 .debug_macro   0x0000000000026e3e       0x97 Core/Src/freertos.o
 .debug_macro   0x0000000000026ed5      0x122 Core/Src/freertos.o
 .debug_macro   0x0000000000026ff7      0x3f7 Core/Src/freertos.o
 .debug_macro   0x00000000000273ee      0x2fe Core/Src/freertos.o
 .debug_macro   0x00000000000276ec      0xa75 Core/Src/freertos.o
 .debug_macro   0x0000000000028161      0x197 Core/Src/freertos.o
 .debug_macro   0x00000000000282f8      0x662 Core/Src/freertos.o
 .debug_macro   0x000000000002895a       0xa6 Core/Src/freertos.o
 .debug_macro   0x0000000000028a00      0x433 Core/Src/freertos.o
 .debug_macro   0x0000000000028e33      0x148 Core/Src/freertos.o
 .debug_macro   0x0000000000028f7b      0x2eb Core/Src/hcSensor.o
 .debug_macro   0x0000000000029266       0xea Core/Src/hcSensor.o
 .debug_macro   0x0000000000029350       0x91 Core/Src/hcSensor.o
 .debug_macro   0x00000000000293e1       0x8d Core/Src/hcSensor.o
 .debug_macro   0x000000000002946e       0x7e Core/Src/hcSensor.o
 .debug_macro   0x00000000000294ec       0x19 Core/Src/hcSensor.o
 .debug_macro   0x0000000000029505       0xf2 Core/Src/hcSensor.o
 .debug_macro   0x00000000000295f7      0x14e Core/Src/hcSensor.o
 .debug_macro   0x0000000000029745       0x3a Core/Src/hcSensor.o
 .debug_macro   0x000000000002977f      0x2dd Core/Src/lcd.o
 .debug_macro   0x0000000000029a5c      0x48d Core/Src/main.o
 .debug_macro   0x0000000000029ee9       0x46 Core/Src/main.o
 .debug_macro   0x0000000000029f2f       0x18 Core/Src/main.o
 .debug_macro   0x0000000000029f47       0x3c Core/Src/main.o
 .debug_macro   0x0000000000029f83       0x34 Core/Src/main.o
 .debug_macro   0x0000000000029fb7       0x16 Core/Src/main.o
 .debug_macro   0x0000000000029fcd       0x35 Core/Src/main.o
 .debug_macro   0x000000000002a002      0x32a Core/Src/main.o
 .debug_macro   0x000000000002a32c       0x10 Core/Src/main.o
 .debug_macro   0x000000000002a33c       0x52 Core/Src/main.o
 .debug_macro   0x000000000002a38e       0x1f Core/Src/main.o
 .debug_macro   0x000000000002a3ad       0x43 Core/Src/main.o
 .debug_macro   0x000000000002a3f0       0x20 Core/Src/main.o
 .debug_macro   0x000000000002a410      0x1a3 Core/Src/main.o
 .debug_macro   0x000000000002a5b3       0x10 Core/Src/main.o
 .debug_macro   0x000000000002a5c3       0x1c Core/Src/main.o
 .debug_macro   0x000000000002a5df       0x52 Core/Src/main.o
 .debug_macro   0x000000000002a631       0x40 Core/Src/main.o
 .debug_macro   0x000000000002a671       0x10 Core/Src/main.o
 .debug_macro   0x000000000002a681       0x40 Core/Src/main.o
 .debug_macro   0x000000000002a6c1       0xd7 Core/Src/main.o
 .debug_macro   0x000000000002a798       0x1c Core/Src/main.o
 .debug_macro   0x000000000002a7b4       0x3d Core/Src/main.o
 .debug_macro   0x000000000002a7f1       0x16 Core/Src/main.o
 .debug_macro   0x000000000002a807      0x145 Core/Src/main.o
 .debug_macro   0x000000000002a94c      0x22f Core/Src/stm32l4xx_hal_msp.o
 .debug_macro   0x000000000002ab7b      0x220 Core/Src/stm32l4xx_hal_timebase_tim.o
 .debug_macro   0x000000000002ad9b      0x239 Core/Src/stm32l4xx_it.o
 .debug_macro   0x000000000002afd4      0x226 Core/Src/system_stm32l4xx.o
 .debug_macro   0x000000000002b1fa      0x26e Drivers/STM32L4xx_HAL_Driver/Src/stm32l4xx_hal.o
 .debug_macro   0x000000000002b468      0x220 Drivers/STM32L4xx_HAL_Driver/Src/stm32l4xx_hal_cortex.o
 .debug_macro   0x000000000002b688      0x25f Drivers/STM32L4xx_HAL_Driver/Src/stm32l4xx_hal_gpio.o
 .debug_macro   0x000000000002b8e7      0x22c Drivers/STM32L4xx_HAL_Driver/Src/stm32l4xx_hal_pcd.o
 .debug_macro   0x000000000002bb13      0x220 Drivers/STM32L4xx_HAL_Driver/Src/stm32l4xx_hal_pcd_ex.o
 .debug_macro   0x000000000002bd33      0x24a Drivers/STM32L4xx_HAL_Driver/Src/stm32l4xx_hal_pwr_ex.o
 .debug_macro   0x000000000002bf7d      0x262 Drivers/STM32L4xx_HAL_Driver/Src/stm32l4xx_hal_rcc.o
 .debug_macro   0x000000000002c1df      0x256 Drivers/STM32L4xx_HAL_Driver/Src/stm32l4xx_hal_rcc_ex.o
 .debug_macro   0x000000000002c435      0x228 Drivers/STM32L4xx_HAL_Driver/Src/stm32l4xx_hal_spi.o
 .debug_macro   0x000000000002c65d      0x221 Drivers/STM32L4xx_HAL_Driver/Src/stm32l4xx_hal_tim.o
 .debug_macro   0x000000000002c87e      0x220 Drivers/STM32L4xx_HAL_Driver/Src/stm32l4xx_hal_tim_ex.o
 .debug_macro   0x000000000002ca9e      0x24b Drivers/STM32L4xx_HAL_Driver/Src/stm32l4xx_hal_uart.o
 .debug_macro   0x000000000002cce9      0x22c Drivers/STM32L4xx_HAL_Driver/Src/stm32l4xx_hal_uart_ex.o
 .debug_macro   0x000000000002cf15      0x220 Drivers/STM32L4xx_HAL_Driver/Src/stm32l4xx_ll_usb.o
 .debug_macro   0x000000000002d135      0x1f1 Middlewares/Third_Party/FreeRTOS/Source/CMSIS_RTOS/cmsis_os.o
 .debug_macro   0x000000000002d326       0x10 Middlewares/Third_Party/FreeRTOS/Source/CMSIS_RTOS/cmsis_os.o
 .debug_macro   0x000000000002d336       0x20 Middlewares/Third_Party/FreeRTOS/Source/CMSIS_RTOS/cmsis_os.o
 .debug_macro   0x000000000002d356       0xe9 Middlewares/Third_Party/FreeRTOS/Source/CMSIS_RTOS/cmsis_os.o
 .debug_macro   0x000000000002d43f      0x17a Middlewares/Third_Party/FreeRTOS/Source/list.o
 .debug_macro   0x000000000002d5b9      0x26c Middlewares/Third_Party/FreeRTOS/Source/tasks.o