main.c:133:6:send_char	16	static
main.c:138:6:send_char_ready	16	static
main.c:143:5:__io_putchar	16	static
main.c:173:5:main	128	static
main.c:280:6:SystemClock_Config	248	static
main.c:347:13:MX_LPUART1_UART_Init	8	static
main.c:395:13:MX_UART5_Init	8	static
main.c:443:13:MX_USART1_UART_Init	8	static
main.c:491:13:MX_USART2_UART_Init	8	static
main.c:539:13:MX_SPI1_Init	8	static
main.c:579:13:MX_TIM1_Init	8	static
main.c:611:13:MX_TIM2_Init	40	static
main.c:656:13:MX_TIM3_Init	64	static
main.c:715:13:MX_TIM7_Init	24	static
main.c:753:13:MX_TIM16_Init	8	static
main.c:785:13:MX_USB_OTG_FS_PCD_Init	8	static
main.c:819:13:MX_GPIO_Init	64	static
main.c:923:6:hc_sr04_measure	24	static
main.c:980:6:display_pii	152	static
main.c:1018:6:buzzer_work	24	static
main.c:1048:6:dht11_measure	48	static
main.c:1088:6:HAL_TIM_PeriodElapsedCallback	16	static
main.c:1105:6:Error_Handler	4	static
