main.c:117:5:main	104	static
main.c:216:6:SystemClock_Config	248	static
main.c:280:13:MX_LPUART1_UART_Init	8	static
main.c:328:13:MX_USART3_UART_Init	8	static
main.c:376:13:MX_SPI1_Init	8	static
main.c:416:13:MX_TIM1_Init	8	static
main.c:448:13:MX_TIM3_Init	64	static
main.c:507:13:MX_TIM7_Init	24	static
main.c:545:13:MX_USB_OTG_FS_PCD_Init	8	static
main.c:579:13:MX_GPIO_Init	64	static
main.c:665:6:hc_sr04_measure	24	static
main.c:717:6:display_pii	152	static
main.c:752:6:buzzer_work	24	static
main.c:781:6:HAL_TIM_PeriodElapsedCallback	16	static
main.c:798:6:Error_Handler	4	static
